ARM Linker, 4.1 [Build 894] [Standard]

==============================================================================

Small function inlining results

Inlined total of 0 calls.

==============================================================================

Section Cross References

    system_m480.o(i.SystemCoreClockUpdate) refers to clk.o(.text) for CLK_GetPLLClockFreq
    system_m480.o(i.SystemCoreClockUpdate) refers to system_m480.o(.data) for PllClock
    startup_m480.o(RESET) refers to startup_m480.o(STACK) for __initial_sp
    startup_m480.o(RESET) refers to startup_m480.o(.text) for Reset_Handler
    startup_m480.o(RESET) refers to retarget.o(.emb_text) for HardFault_Handler
    startup_m480.o(RESET) refers to main.o(i.GPC_IRQHandler) for GPC_IRQHandler
    startup_m480.o(RESET) refers to hal_rs485.o(i.UART1_IRQHandler) for UART1_IRQHandler
    startup_m480.o(RESET) refers to isp_uart_bus.o(i.UART2_IRQHandler) for UART2_IRQHandler
    startup_m480.o(RESET) refers to hal_can_isp.o(i.CAN1_IRQHandler) for CAN1_IRQHandler
    startup_m480.o(RESET) refers to massstorage.o(i.USBD20_IRQHandler) for USBD20_IRQHandler
    startup_m480.o(.text) refers to system_m480.o(i.SystemInit) for SystemInit
    startup_m480.o(.text) refers to entry.o(.ARM.Collect$$$$00000000) for __main
    main.o(i.ISP_FLOW) refers to isp_file_access.o(i.MOUNT_FILE_SYSTEM) for MOUNT_FILE_SYSTEM
    main.o(i.ISP_FLOW) refers to printfa.o(i.__0printf) for __2printf
    main.o(i.ISP_FLOW) refers to isp_file_access.o(i.Read_ARPOM_INFORMATION) for Read_ARPOM_INFORMATION
    main.o(i.ISP_FLOW) refers to isp_file_access.o(i.Read_DATAFLASH_INFORMATION) for Read_DATAFLASH_INFORMATION
    main.o(i.ISP_FLOW) refers to isp_file_access.o(i.Read_SN_INFORMATION) for Read_SN_INFORMATION
    main.o(i.ISP_FLOW) refers to isp_file_access.o(i.Read_INTERFACE) for Read_INTERFACE
    main.o(i.ISP_FLOW) refers to isp_file_access.o(i.Read_CONFIG_SDCARD) for Read_CONFIG_SDCARD
    main.o(i.ISP_FLOW) refers to isp_driver.o(i.io_open) for io_open
    main.o(i.ISP_FLOW) refers to isp_cmd.o(i.init_ISP_command) for init_ISP_command
    main.o(i.ISP_FLOW) refers to isp_cmd.o(i.Auto_Detect_Connect) for Auto_Detect_Connect
    main.o(i.ISP_FLOW) refers to isp_cmd.o(i.SyncPackno) for SyncPackno
    main.o(i.ISP_FLOW) refers to main.o(i.check_error) for check_error
    main.o(i.ISP_FLOW) refers to isp_cmd.o(i.FWVersion) for FWVersion
    main.o(i.ISP_FLOW) refers to isp_cmd.o(i.GetDeviceID) for GetDeviceID
    main.o(i.ISP_FLOW) refers to isp_cmd.o(i.GetConfig) for GetConfig
    main.o(i.ISP_FLOW) refers to isp_cmd.o(i.GetFlashMode) for GetFlashMode
    main.o(i.ISP_FLOW) refers to isp_cmd.o(i.Updated_Target_Flash) for Updated_Target_Flash
    main.o(i.ISP_FLOW) refers to isp_file_access.o(i.UNMOUNT_FILE_SYSTEM) for UNMOUNT_FILE_SYSTEM
    main.o(i.ISP_FLOW) refers to isp_file_access.o(.data) for DEVICE_TYPE
    main.o(i.ISP_FLOW) refers to main.o(.data) for DEV_handle
    main.o(i.ISP_FLOW) refers to isp_cmd.o(.bss) for ISP_COMMAND
    main.o(i.SYS_Init) refers to clk.o(.text) for CLK_EnableXtalRC
    main.o(i.check_error) refers to printfa.o(i.__0printf) for __2printf
    main.o(i.main) refers to main.o(i.SYS_Init) for SYS_Init
    main.o(i.main) refers to voltage.o(.text) for Voltage_Init
    main.o(i.main) refers to uart.o(.text) for UART_Open
    main.o(i.main) refers to spim_spi_flash.o(i.SpiInit) for SpiInit
    main.o(i.main) refers to isp_bridge.o(i.ISP_Bridge_Init) for ISP_Bridge_Init
    main.o(i.main) refers to hsusbd.o(i.HSUSBD_Open) for HSUSBD_Open
    main.o(i.main) refers to massstorage.o(i.MSC_Init) for MSC_Init
    main.o(i.main) refers to main.o(i.NVIC_EnableIRQ) for NVIC_EnableIRQ
    main.o(i.main) refers to gpio.o(.text) for GPIO_SetMode
    main.o(i.main) refers to clk.o(.text) for CLK_Idle
    main.o(i.main) refers to main.o(i.NVIC_DisableIRQ) for NVIC_DisableIRQ
    main.o(i.main) refers to main.o(i.ISP_FLOW) for ISP_FLOW
    main.o(i.main) refers to hsusbd.o(i.HSUSBD_Start) for HSUSBD_Start
    main.o(i.main) refers to massstorage.o(i.MSC_ProcessCmd) for MSC_ProcessCmd
    main.o(i.main) refers to massstorage.o(i.MSC_ClassRequest) for MSC_ClassRequest
    main.o(i.main) refers to descriptors.o(.data) for gsHSInfo
    main.o(i.main) refers to hsusbd.o(.data) for g_hsusbd_Configured
    isp_can_bus.o(i.CAN_READ) refers to isp_can_bus.o(.bss) for response_buff
    isp_can_bus.o(i.CAN_WRITE) refers to isp_can_bus.o(i.Checksum_up) for Checksum_up
    isp_can_bus.o(i.CAN_WRITE) refers to hal_can_isp.o(i.CAN_Transmit_ISP) for CAN_Transmit_ISP
    isp_can_bus.o(i.CAN_WRITE) refers to isp_can_bus.o(.bss) for response_buff
    isp_can_bus.o(i.CAN_WRITE) refers to isp_can_bus.o(.data) for glcmd
    isp_can_bus.o(i.CAN_WRITE) refers to hal_can_isp.o(.data) for u8CAN_PackageFlag
    isp_can_bus.o(i.CAN_WRITE) refers to hal_can_isp.o(.bss) for rrMsg
    isp_cmd.o(i.CLK_SysTickDelay) refers to system_m480.o(.data) for CyclesPerUs
[...]
    sync_fs                                  0x00009211   Thumb Code   200  ff.o(i.sync_fs)
    i.sync_window                            0x000092d8   Section        0  ff.o(i.sync_window)
    sync_window                              0x000092d9   Thumb Code    76  ff.o(i.sync_window)
    i.validate                               0x00009324   Section        0  ff.o(i.validate)
    validate                                 0x00009325   Thumb Code    54  ff.o(i.validate)
    .constdata                               0x0000935c   Section       40  isp_driver.o(.constdata)
    .constdata                               0x00009384   Section      357  isp_file_access.o(.constdata)
    .constdata                               0x000094ec   Section       48  uart.o(.constdata)
    .constdata                               0x0000951c   Section       32  clk.o(.constdata)
    .constdata                               0x0000953c   Section       62  voltage.o(.constdata)
    TPS62400                                 0x0000953c   Data          62  voltage.o(.constdata)
    .constdata                               0x0000957a   Section      186  ff.o(.constdata)
    ExCvt                                    0x0000957a   Data         128  ff.o(.constdata)
    LfnOfs                                   0x000095fa   Data          13  ff.o(.constdata)
    vst                                      0x00009608   Data          22  ff.o(.constdata)
    cst                                      0x0000961e   Data          22  ff.o(.constdata)
    .constdata                               0x00009634   Section     1216  ccsbcs.o(.constdata)
    Tbl                                      0x00009634   Data         256  ccsbcs.o(.constdata)
    tbl_lower                                0x00009734   Data         480  ccsbcs.o(.constdata)
    tbl_upper                                0x00009914   Data         480  ccsbcs.o(.constdata)
    .constdata                               0x00009af4   Section      129  ctype_o.o(.constdata)
    .constdata                               0x00009b78   Section        4  ctype_o.o(.constdata)
    table                                    0x00009b78   Data           4  ctype_o.o(.constdata)
    .conststring                             0x00009b7c   Section       28  isp_driver.o(.conststring)
    .data                                    0x20000000   Section       44  system_m480.o(.data)
    .data                                    0x2000002c   Section       28  main.o(.data)
    .data                                    0x20000048   Section       12  isp_can_bus.o(.data)
    .data                                    0x20000054   Section        6  isp_cmd.o(.data)
    .data                                    0x2000005c   Section       60  isp_driver.o(.data)
    .data                                    0x20000098   Section       48  isp_file_access.o(.data)
    .data                                    0x200000c8   Section        1  hal_can_isp.o(.data)
    .data                                    0x200000c9   Section        2  hal_rs485.o(.data)
    .data                                    0x200000cc   Section      292  descriptors.o(.data)
    .data                                    0x200001f0   Section      160  massstorage.o(.data)
    g_au8ModePage_01                         0x20000238   Data          12  massstorage.o(.data)
    g_au8ModePage_05                         0x20000244   Data          32  massstorage.o(.data)
    g_au8ModePage_1B                         0x20000264   Data          12  massstorage.o(.data)
    g_au8ModePage_1C                         0x20000270   Data           8  massstorage.o(.data)
    g_au8ModePage                            0x20000278   Data          24  massstorage.o(.data)
    .data                                    0x20000290   Section       52  hsusbd.o(.data)
    g_hsusbd_CtrlInPointer                   0x200002ac   Data           4  hsusbd.o(.data)
    g_hsusbd_CtrlMaxPktSize                  0x200002b0   Data           4  hsusbd.o(.data)
    g_hsusbd_UsbConfig                       0x200002b4   Data           1  hsusbd.o(.data)
    g_hsusbd_UsbAltInterface                 0x200002b5   Data           1  hsusbd.o(.data)
    g_hsusbd_EnableTestMode                  0x200002b6   Data           1  hsusbd.o(.data)
    g_hsusbd_TestSelector                    0x200002b7   Data           1  hsusbd.o(.data)
    .data                                    0x200002c4   Section        4  can.o(.data)
    gu8LockCanIf                             0x200002c4   Data           4  can.o(.data)
    .data                                    0x200002c8   Section        6  ff.o(.data)
    FatFs                                    0x200002c8   Data           4  ff.o(.data)
    Fsid                                     0x200002cc   Data           2  ff.o(.data)
    .data                                    0x200002ce   Section        5  spim.o(.data)
    g_Supported_List                         0x200002ce   Data           5  spim.o(.data)
    .data                                    0x200002d4   Section        4  retarget.o(.data)
    .data                                    0x200002d8   Section        4  errno.o(.data)
    _errno                                   0x200002d8   Data           4  errno.o(.data)
    .bss                                     0x200002dc   Section      128  isp_can_bus.o(.bss)
    .bss                                     0x2000035c   Section      680  isp_cmd.o(.bss)
    .bss                                     0x20000604   Section      944  isp_file_access.o(.bss)
    .bss                                     0x200009b4   Section       24  hal_can_isp.o(.bss)
    .bss                                     0x200009cc   Section       64  hal_rs485.o(.bss)
    .bss                                     0x20000a0c   Section     4096  spim_spi_flash.o(.bss)
    .bss                                     0x20001a0c   Section       24  descriptors.o(.bss)
    .bss                                     0x20001a24   Section      816  massstorage.o(.bss)
    .bss                                     0x20001d54   Section       12  hsusbd.o(.bss)
    g_hsusbd_buf                             0x20001d54   Data          12  hsusbd.o(.bss)
    .bss                                     0x20001d60   Section      512  ff.o(.bss)
    LfnBuf                                   0x20001d60   Data         512  ff.o(.bss)
    STACK                                    0x20001f60   Section     2048  startup_m480.o(STACK)

    Global Symbols

    Symbol Name                              Value     Ov Type        Size  Object(Section)

    BuildAttributes$$THM_ISAv4$E$P$D$K$B$S$7EM$VFPi3$EXTD16$VFPS$VFMA$PE$A:L22UL41UL21$X:L11$S22US41US21$IEEE1$IW$USESV6$~STKCKD$USESV7$~SHL$OTIME$ROPI$EBA8$MICROLIB$REQ8$PRES8$EABIv2 0x00000000   Number         0  anon$$obj.o ABSOLUTE
    __ARM_use_no_argv                        0x00000000   Number         0  main.o ABSOLUTE
    __Vectors                                0x00000000   Data           4  startup_m480.o(RESET)
    _printf_a                                0x00000000   Number         0  stubs.o ABSOLUTE
    _printf_c                                0x00000000   Number         0  stubs.o ABSOLUTE
    _printf_charcount                        0x00000000   Number         0  stubs.o ABSOLUTE
    _printf_d                                0x00000000   Number         0  stubs.o ABSOLUTE
    _printf_e                                0x00000000   Number         0  stubs.o ABSOLUTE
    _printf_f                                0x00000000   Number         0  stubs.o ABSOLUTE
    _printf_flags                            0x00000000   Number         0  stubs.o ABSOLUTE
    _printf_fp_dec                           0x00000000   Number         0  stubs.o ABSOLUTE
    _printf_fp_hex                           0x00000000   Number         0  stubs.o ABSOLUTE
    _printf_g                                0x00000000   Number         0  stubs.o ABSOLUTE
    _printf_i                                0x00000000   Number         0  stubs.o ABSOLUTE
    _printf_int_dec                          0x00000000   Number         0  stubs.o ABSOLUTE
    _printf_l                                0x00000000   Number         0  stubs.o ABSOLUTE
    _printf_lc                               0x00000000   Number         0  stubs.o ABSOLUTE
    _printf_ll                               0x00000000   Number         0  stubs.o ABSOLUTE
    _printf_lld                              0x00000000   Number         0  stubs.o ABSOLUTE
    _printf_lli                              0x00000000   Number         0  stubs.o ABSOLUTE
    _printf_llo                              0x00000000   Number         0  stubs.o ABSOLUTE
    _printf_llu                              0x00000000   Number         0  stubs.o ABSOLUTE
    _printf_llx                              0x00000000   Number         0  stubs.o ABSOLUTE
    _printf_longlong_dec                     0x00000000   Number         0  stubs.o ABSOLUTE
    _printf_longlong_hex                     0x00000000   Number         0  stubs.o ABSOLUTE
    _printf_longlong_oct                     0x00000000   Number         0  stubs.o ABSOLUTE
    _printf_ls                               0x00000000   Number         0  stubs.o ABSOLUTE
    _printf_mbtowc                           0x00000000   Number         0  stubs.o ABSOLUTE
    _printf_n                                0x00000000   Number         0  stubs.o ABSOLUTE
    _printf_o                                0x00000000   Number         0  stubs.o ABSOLUTE
    _printf_p                                0x00000000   Number         0  stubs.o ABSOLUTE
    _printf_percent                          0x00000000   Number         0  stubs.o ABSOLUTE
    _printf_pre_padding                      0x00000000   Number         0  stubs.o ABSOLUTE
    _printf_return_value                     0x00000000   Number         0  stubs.o ABSOLUTE
    _printf_s                                0x00000000   Number         0  stubs.o ABSOLUTE
    _printf_sizespec                         0x00000000   Number         0  stubs.o ABSOLUTE
    _printf_str                              0x00000000   Number         0  stubs.o ABSOLUTE
    _printf_truncate_signed                  0x00000000   Number         0  stubs.o ABSOLUTE
    _printf_truncate_unsigned                0x00000000   Number         0  stubs.o ABSOLUTE
    _printf_u                                0x00000000   Number         0  stubs.o ABSOLUTE
    _printf_wc                               0x00000000   Number         0  stubs.o ABSOLUTE
    _printf_wctomb                           0x00000000   Number         0  stubs.o ABSOLUTE
    _printf_widthprec                        0x00000000   Number         0  stubs.o ABSOLUTE
    _printf_x                                0x00000000   Number         0  stubs.o ABSOLUTE
    __decompress                              - Undefined Weak Reference
    _clock_init                               - Undefined Weak Reference
    __Vectors_End                            0x000001b8   Data           0  startup_m480.o(RESET)
    __Vectors_Size                           0x000001b8   Number         0  startup_m480.o ABSOLUTE
    __main                                   0x000001b9   Thumb Code     0  entry.o(.ARM.Collect$$$$00000000)
    _main_stk                                0x000001b9   Thumb Code     0  entry2.o(.ARM.Collect$$$$00000001)
    _main_scatterload                        0x000001bd   Thumb Code     0  entry5.o(.ARM.Collect$$$$00000004)
    __main_after_scatterload                 0x000001c1   Thumb Code     0  entry5.o(.ARM.Collect$$$$00000004)
    _main_clock                              0x000001c1   Thumb Code     0  entry7b.o(.ARM.Collect$$$$00000008)
    _main_init                               0x000001c1   Thumb Code     0  entry8.o(.ARM.Collect$$$$00000009)
    HardFault_Handler                        0x000001cd   Thumb Code    24  retarget.o(.emb_text)
    Reset_Handler                            0x000001e9   Thumb Code    64  startup_m480.o(.text)
    NMI_Handler                              0x00000229   Thumb Code     2  startup_m480.o(.text)
    MemManage_Handler                        0x0000022d   Thumb Code     2  startup_m480.o(.text)
    BusFault_Handler                         0x0000022f   Thumb Code     2  startup_m480.o(.text)
    UsageFault_Handler                       0x00000231   Thumb Code     2  startup_m480.o(.text)
    SVC_Handler                              0x00000233   Thumb Code     2  startup_m480.o(.text)
    DebugMon_Handler                         0x00000235   Thumb Code     2  startup_m480.o(.text)
    PendSV_Handler                           0x00000237   Thumb Code     2  startup_m480.o(.text)
    SysTick_Handler                          0x00000239   Thumb Code     2  startup_m480.o(.text)
    ACMP01_IRQHandler                        0x0000023b   Thumb Code     0  startup_m480.o(.text)
    ADC00_IRQHandler                         0x0000023b   Thumb Code     0  startup_m480.o(.text)
    ADC01_IRQHandler                         0x0000023b   Thumb Code     0  startup_m480.o(.text)
    ADC02_IRQHandler                         0x0000023b   Thumb Code     0  startup_m480.o(.text)
    ADC03_IRQHandler                         0x0000023b   Thumb Code     0  startup_m480.o(.text)
    BOD_IRQHandler                           0x0000023b   Thumb Code     0  startup_m480.o(.text)
    BPWM0_IRQHandler                         0x0000023b   Thumb Code     0  startup_m480.o(.text)
    BPWM1_IRQHandler                         0x0000023b   Thumb Code     0  startup_m480.o(.text)
    BRAKE0_IRQHandler                        0x0000023b   Thumb Code     0  startup_m480.o(.text)
    BRAKE1_IRQHandler                        0x0000023b   Thumb Code     0  startup_m480.o(.text)
    CAN0_IRQHandler                          0x0000023b   Thumb Code     0  startup_m480.o(.text)
    CKFAIL_IRQHandler                        0x0000023b   Thumb Code     0  startup_m480.o(.text)
    CRYPTO_IRQHandler                        0x0000023b   Thumb Code     0  startup_m480.o(.text)
    DAC_IRQHandler                           0x0000023b   Thumb Code     0  startup_m480.o(.text)
    ECAP0_IRQHandler                         0x0000023b   Thumb Code     0  startup_m480.o(.text)
    ECAP1_IRQHandler                         0x0000023b   Thumb Code     0  startup_m480.o(.text)
    EHCI_IRQHandler                          0x0000023b   Thumb Code     0  startup_m480.o(.text)
    EINT0_IRQHandler                         0x0000023b   Thumb Code     0  startup_m480.o(.text)
    EINT1_IRQHandler                         0x0000023b   Thumb Code     0  startup_m480.o(.text)
    EINT2_IRQHandler                         0x0000023b   Thumb Code     0  startup_m480.o(.text)
    EINT3_IRQHandler                         0x0000023b   Thumb Code     0  startup_m480.o(.text)
    EINT4_IRQHandler                         0x0000023b   Thumb Code     0  startup_m480.o(.text)
    EINT5_IRQHandler                         0x0000023b   Thumb Code     0  startup_m480.o(.text)
    EINT6_IRQHandler                         0x0000023b   Thumb Code     0  startup_m480.o(.text)
    EINT7_IRQHandler                         0x0000023b   Thumb Code     0  startup_m480.o(.text)
    EMAC_RX_IRQHandler                       0x0000023b   Thumb Code     0  startup_m480.o(.text)
    EMAC_TX_IRQHandler                       0x0000023b   Thumb Code     0  startup_m480.o(.text)
    EPWM0P0_IRQHandler                       0x0000023b   Thumb Code     0  startup_m480.o(.text)
    EPWM0P1_IRQHandler                       0x0000023b   Thumb Code     0  startup_m480.o(.text)
    EPWM0P2_IRQHandler                       0x0000023b   Thumb Code     0  startup_m480.o(.text)
    EPWM1P0_IRQHandler                       0x0000023b   Thumb Code     0  startup_m480.o(.text)
    EPWM1P1_IRQHandler                       0x0000023b   Thumb Code     0  startup_m480.o(.text)
    EPWM1P2_IRQHandler                       0x0000023b   Thumb Code     0  startup_m480.o(.text)
    GPA_IRQHandler                           0x0000023b   Thumb Code     0  startup_m480.o(.text)
    GPB_IRQHandler                           0x0000023b   Thumb Code     0  startup_m480.o(.text)
    GPD_IRQHandler                           0x0000023b   Thumb Code     0  startup_m480.o(.text)
    GPE_IRQHandler                           0x0000023b   Thumb Code     0  startup_m480.o(.text)
    GPF_IRQHandler                           0x0000023b   Thumb Code     0  startup_m480.o(.text)
    GPG_IRQHandler                           0x0000023b   Thumb Code     0  startup_m480.o(.text)
    GPH_IRQHandler                           0x0000023b   Thumb Code     0  startup_m480.o(.text)
    I2C0_IRQHandler                          0x0000023b   Thumb Code     0  startup_m480.o(.text)
    I2C1_IRQHandler                          0x0000023b   Thumb Code     0  startup_m480.o(.text)
    I2C2_IRQHandler                          0x0000023b   Thumb Code     0  startup_m480.o(.text)
    I2S0_IRQHandler                          0x0000023b   Thumb Code     0  startup_m480.o(.text)
    IRC_IRQHandler                           0x0000023b   Thumb Code     0  startup_m480.o(.text)
    OHCI_IRQHandler                          0x0000023b   Thumb Code     0  startup_m480.o(.text)
    OPA0_IRQHandler                          0x0000023b   Thumb Code     0  startup_m480.o(.text)
    PDMA_IRQHandler                          0x0000023b   Thumb Code     0  startup_m480.o(.text)
    PWRWU_IRQHandler                         0x0000023b   Thumb Code     0  startup_m480.o(.text)
    QEI0_IRQHandler                          0x0000023b   Thumb Code     0  startup_m480.o(.text)
    QEI1_IRQHandler                          0x0000023b   Thumb Code     0  startup_m480.o(.text)
    QSPI0_IRQHandler                         0x0000023b   Thumb Code     0  startup_m480.o(.text)
    RAMPE_IRQHandler                         0x0000023b   Thumb Code     0  startup_m480.o(.text)
    RTC_IRQHandler                           0x0000023b   Thumb Code     0  startup_m480.o(.text)
    SC0_IRQHandler                           0x0000023b   Thumb Code     0  startup_m480.o(.text)
    SC1_IRQHandler                           0x0000023b   Thumb Code     0  startup_m480.o(.text)
    SC2_IRQHandler                           0x0000023b   Thumb Code     0  startup_m480.o(.text)
    SDH0_IRQHandler                          0x0000023b   Thumb Code     0  startup_m480.o(.text)
    SDH1_IRQHandler                          0x0000023b   Thumb Code     0  startup_m480.o(.text)
    SPI0_IRQHandler                          0x0000023b   Thumb Code     0  startup_m480.o(.text)
    SPI1_IRQHandler                          0x0000023b   Thumb Code     0  startup_m480.o(.text)
    SPI2_IRQHandler                          0x0000023b   Thumb Code     0  startup_m480.o(.text)
    SPI3_IRQHandler                          0x0000023b   Thumb Code     0  startup_m480.o(.text)
    SPIM_IRQHandler                          0x0000023b   Thumb Code     0  startup_m480.o(.text)
    TAMPER_IRQHandler                        0x0000023b   Thumb Code     0  startup_m480.o(.text)
    TMR0_IRQHandler                          0x0000023b   Thumb Code     0  startup_m480.o(.text)
    TMR1_IRQHandler                          0x0000023b   Thumb Code     0  startup_m480.o(.text)
    TMR2_IRQHandler                          0x0000023b   Thumb Code     0  startup_m480.o(.text)
    TMR3_IRQHandler                          0x0000023b   Thumb Code     0  startup_m480.o(.text)
    UART0_IRQHandler                         0x0000023b   Thumb Code     0  startup_m480.o(.text)
    UART3_IRQHandler                         0x0000023b   Thumb Code     0  startup_m480.o(.text)
    UART4_IRQHandler                         0x0000023b   Thumb Code     0  startup_m480.o(.text)
    UART5_IRQHandler                         0x0000023b   Thumb Code     0  startup_m480.o(.text)
    USBD_IRQHandler                          0x0000023b   Thumb Code     0  startup_m480.o(.text)
    USBOTG20_IRQHandler                      0x0000023b   Thumb Code     0  startup_m480.o(.text)
    USBOTG_IRQHandler                        0x0000023b   Thumb Code     0  startup_m480.o(.text)
    USCI0_IRQHandler                         0x0000023b   Thumb Code     0  startup_m480.o(.text)
    USCI1_IRQHandler                         0x0000023b   Thumb Code     0  startup_m480.o(.text)
    WDT_IRQHandler                           0x0000023b   Thumb Code     0  startup_m480.o(.text)
    WWDT_IRQHandler                          0x0000023b   Thumb Code     0  startup_m480.o(.text)
    UART_ClearIntFlag                        0x00000251   Thumb Code    56  uart.o(.text)
    UART_Close                               0x00000289   Thumb Code     6  uart.o(.text)
    UART_DisableFlowCtrl                     0x0000028f   Thumb Code    10  uart.o(.text)
    UART_DisableInt                          0x00000299   Thumb Code     8  uart.o(.text)
    UART_EnableFlowCtrl                      0x000002a1   Thumb Code    26  uart.o(.text)
    UART_EnableInt                           0x000002bb   Thumb Code     8  uart.o(.text)
    UART_Open                                0x000002c3   Thumb Code   246  uart.o(.text)
    UART_Read                                0x000003b9   Thumb Code    46  uart.o(.text)
    UART_SetLineConfig                       0x000003e7   Thumb Code   248  uart.o(.text)
    UART_SetTimeoutCnt                       0x000004df   Thumb Code    20  uart.o(.text)
    UART_SelectIrDAMode                      0x000004f3   Thumb Code   250  uart.o(.text)
    UART_SelectRS485Mode                     0x000005ed   Thumb Code    26  uart.o(.text)
    UART_SelectLINMode                       0x00000607   Thumb Code    22  uart.o(.text)
    UART_Write                               0x0000061d   Thumb Code    88  uart.o(.text)
    CLK_DisableModuleClock                   0x00000675   Thumb Code    24  clk.o(.text)
    CLK_DisableCKO                           0x0000068d   Thumb Code     4  clk.o(.text)
    CLK_SetModuleClock                       0x00000691   Thumb Code   100  clk.o(.text)
    CLK_EnableModuleClock                    0x000006f5   Thumb Code    24  clk.o(.text)
    CLK_EnableCKO                            0x0000070d   Thumb Code    40  clk.o(.text)
    CLK_PowerDown                            0x00000735   Thumb Code    42  clk.o(.text)
    CLK_Idle                                 0x0000075f   Thumb Code    28  clk.o(.text)
    CLK_GetHXTFreq                           0x0000077b   Thumb Code    16  clk.o(.text)
    CLK_GetLXTFreq                           0x0000078b   Thumb Code    22  clk.o(.text)
    CLK_GetPCLK0Freq                         0x000007a1   Thumb Code    96  clk.o(.text)
    CLK_GetPCLK1Freq                         0x00000801   Thumb Code    98  clk.o(.text)
    CLK_GetHCLKFreq                          0x00000863   Thumb Code    12  clk.o(.text)
    CLK_GetCPUFreq                           0x0000086f   Thumb Code    12  clk.o(.text)
    CLK_WaitClockReady                       0x0000087b   Thumb Code    38  clk.o(.text)
    CLK_SetHCLK                              0x000008a1   Thumb Code    98  clk.o(.text)
    CLK_GetPLLClockFreq                      0x00000903   Thumb Code    66  clk.o(.text)
    CLK_DisablePLL                           0x00000945   Thumb Code    18  clk.o(.text)
    CLK_EnablePLL                            0x00000957   Thumb Code   356  clk.o(.text)
    CLK_SetCoreClock                         0x00000abb   Thumb Code   128  clk.o(.text)
    CLK_SetSysTickClockSrc                   0x00000b3b   Thumb Code    20  clk.o(.text)
    CLK_EnableXtalRC                         0x00000b4f   Thumb Code    16  clk.o(.text)
    CLK_DisableXtalRC                        0x00000b5f   Thumb Code    16  clk.o(.text)
    CLK_EnableSysTick                        0x00000b6f   Thumb Code    56  clk.o(.text)
    CLK_DisableSysTick                       0x00000ba7   Thumb Code    10  clk.o(.text)
    CLK_SetPowerDownMode                     0x00000bb1   Thumb Code    50  clk.o(.text)
    CLK_EnableDPDWKPin                       0x00000be3   Thumb Code    20  clk.o(.text)
    CLK_GetPMUWKSrc                          0x00000bf7   Thumb Code    10  clk.o(.text)
    CLK_EnableSPDWKPin                       0x00000c01   Thumb Code    32  clk.o(.text)
    CLK_GetModuleClockSource                 0x00000c21   Thumb Code   120  clk.o(.text)
    CLK_GetModuleClockDivider                0x00000c99   Thumb Code    54  clk.o(.text)
    GPIO_SetMode                             0x00000cf1   Thumb Code    44  gpio.o(.text)
    GPIO_EnableInt                           0x00000d1d   Thumb Code    40  gpio.o(.text)
    GPIO_DisableInt                          0x00000d45   Thumb Code    24  gpio.o(.text)
    GPIO_SetSlewCtl                          0x00000d5d   Thumb Code    44  gpio.o(.text)
    GPIO_SetPullCtl                          0x00000d89   Thumb Code    44  gpio.o(.text)
    Voltage_GetDesignID                      0x00000db5   Thumb Code   110  voltage.o(.text)
    Voltage_SupplyTargetPower                0x00000e23   Thumb Code   108  voltage.o(.text)
    Voltage_ShutDownAllPin                   0x00000e8f   Thumb Code    14  voltage.o(.text)
    Voltage_Init                             0x00000e9d   Thumb Code   148  voltage.o(.text)
    Voltage_OpenPin                          0x00000f31   Thumb Code    16  voltage.o(.text)
    EasyScale::WriteEOS()                    0x00000f6b   Thumb Code    10  easyscale.o(.text)
    EasyScale::WriteLogic1()                 0x00000f75   Thumb Code    26  easyscale.o(.text)
    EasyScale::WriteLogic0()                 0x00000f8f   Thumb Code    52  easyscale.o(.text)
    EasyScale::WriteByte(unsigned char)      0x00000fc3   Thumb Code    32  easyscale.o(.text)
    EasyScale::WriteStart()                  0x00000fe3   Thumb Code    20  easyscale.o(.text)
    EasyScale::SendCmd(unsigned char)        0x00000ff7   Thumb Code    20  easyscale.o(.text)
    __aeabi_uldivmod                         0x00001015   Thumb Code    98  uldiv.o(.text)
    __aeabi_memcpy                           0x00001077   Thumb Code    36  memcpya.o(.text)
    __aeabi_memcpy4                          0x00001077   Thumb Code     0  memcpya.o(.text)
    __aeabi_memcpy8                          0x00001077   Thumb Code     0  memcpya.o(.text)
    __aeabi_memset                           0x0000109b   Thumb Code    14  memseta.o(.text)
    __aeabi_memset4                          0x0000109b   Thumb Code     0  memseta.o(.text)
    __aeabi_memset8                          0x0000109b   Thumb Code     0  memseta.o(.text)
    __aeabi_memclr                           0x000010a9   Thumb Code     4  memseta.o(.text)
    __aeabi_memclr4                          0x000010a9   Thumb Code     0  memseta.o(.text)
    __aeabi_memclr8                          0x000010a9   Thumb Code     0  memseta.o(.text)
    _memset$wrapper                          0x000010ad   Thumb Code    20  memseta.o(.text)
    strcmp                                   0x000010c1   Thumb Code    28  strcmp.o(.text)
    strtoul                                  0x000010dd   Thumb Code   114  strtoul.o(.text)
    __aeabi_dmul                             0x0000114f   Thumb Code   224  dmul.o(.text)
    __aeabi_f2d                              0x0000122f   Thumb Code    44  f2d.o(.text)
    __aeabi_d2f                              0x0000125b   Thumb Code    56  d2f.o(.text)
    Hard_Fault_Handler                       0x00001295   Thumb Code    16  retarget.o(.text)
    kbhit                                    0x000012a5   Thumb Code    10  retarget.o(.text)
    IsDebugFifoEmpty                         0x000012af   Thumb Code    10  retarget.o(.text)
    _ttywrch                                 0x000012b9   Thumb Code     4  retarget.o(.text)
    fputc                                    0x000012bd   Thumb Code    12  retarget.o(.text)
    fgetc                                    0x000012c9   Thumb Code    14  retarget.o(.text)
    ferror                                   0x000012d7   Thumb Code     6  retarget.o(.text)
    __aeabi_uidiv                            0x000013bd   Thumb Code     0  uidiv.o(.text)
    __aeabi_uidivmod                         0x000013bd   Thumb Code    44  uidiv.o(.text)
    __aeabi_llsl                             0x000013e9   Thumb Code    30  llshl.o(.text)
    _ll_shift_l                              0x000013e9   Thumb Code     0  llshl.o(.text)
    __aeabi_llsr                             0x00001407   Thumb Code    32  llushr.o(.text)
    _ll_ushift_r                             0x00001407   Thumb Code     0  llushr.o(.text)
    __rt_ctype_table                         0x00001429   Thumb Code     4  ctype_o.o(.text)
    _strtoul                                 0x00001431   Thumb Code   158  _strtoul.o(.text)
    __I$use$fp                               0x000014cf   Thumb Code     0  iusefp.o(.text)
    _float_round                             0x000014cf   Thumb Code    18  fepilogue.o(.text)
    _float_epilogue                          0x000014e1   Thumb Code    90  fepilogue.o(.text)
    _double_round                            0x0000153b   Thumb Code    26  depilogue.o(.text)
    _double_epilogue                         0x00001555   Thumb Code   164  depilogue.o(.text)
    __aeabi_dadd                             0x000015f9   Thumb Code   320  dadd.o(.text)
    __aeabi_dsub                             0x00001739   Thumb Code     6  dadd.o(.text)
    __aeabi_drsub                            0x0000173f   Thumb Code     6  dadd.o(.text)
    __aeabi_ddiv                             0x00001745   Thumb Code   222  ddiv.o(.text)
    __aeabi_d2ulz                            0x00001823   Thumb Code    48  dfixul.o(.text)
    __aeabi_cdrcmple                         0x00001855   Thumb Code    38  cdrcmple.o(.text)
    __scatterload                            0x0000187d   Thumb Code    28  init.o(.text)
    __scatterload_rt2                        0x0000187d   Thumb Code     0  init.o(.text)
    __aeabi_lasr                             0x000018a1   Thumb Code    36  llsshr.o(.text)
    _ll_sshift_r                             0x000018a1   Thumb Code     0  llsshr.o(.text)
    _chval                                   0x000018c5   Thumb Code    28  _chval.o(.text)
    Auto_Detect_Connect                      0x000018e1   Thumb Code    10  isp_cmd.o(i.Auto_Detect_Connect)
    CAN1_IRQHandler                          0x000018ed   Thumb Code    78  hal_can_isp.o(i.CAN1_IRQHandler)
    CAN_BasicReceiveMsg                      0x00001941   Thumb Code   166  can.o(i.CAN_BasicReceiveMsg)
    CAN_BasicSendMsg                         0x000019e9   Thumb Code   200  can.o(i.CAN_BasicSendMsg)
    CAN_CLR_INT_PENDING_BIT                  0x00001ab5   Thumb Code    62  can.o(i.CAN_CLR_INT_PENDING_BIT)
    CAN_Config                               0x00001af3   Thumb Code     6  isp_can_bus.o(i.CAN_Config)
    CAN_EnableInt                            0x00001af9   Thumb Code    16  can.o(i.CAN_EnableInt)
    CAN_EnterInitMode                        0x00001b09   Thumb Code     8  can.o(i.CAN_EnterInitMode)
    CAN_Init                                 0x00001b11   Thumb Code   148  hal_can_isp.o(i.CAN_Init)
    CAN_IsNewDataReceived                    0x00001bc1   Thumb Code    36  can.o(i.CAN_IsNewDataReceived)
    CAN_LeaveInitMode                        0x00001be5   Thumb Code    22  can.o(i.CAN_LeaveInitMode)
    CAN_MsgInterrupt                         0x00001bfd   Thumb Code    28  hal_can_isp.o(i.CAN_MsgInterrupt)
    CAN_Package_Tx                           0x00001c21   Thumb Code    60  hal_can_isp.o(i.CAN_Package_Tx)
    CAN_READ                                 0x00001c61   Thumb Code    32  isp_can_bus.o(i.CAN_READ)
    CAN_ReadMsgObj                           0x00001c85   Thumb Code   386  can.o(i.CAN_ReadMsgObj)
    CAN_Receive                              0x00001e07   Thumb Code    64  can.o(i.CAN_Receive)
    CAN_SetBaudRate                          0x00001e49   Thumb Code   486  can.o(i.CAN_SetBaudRate)
    CAN_SetRxMsg                             0x00002051   Thumb Code    68  can.o(i.CAN_SetRxMsg)
    CAN_SetRxMsgObj                          0x00002095   Thumb Code   320  can.o(i.CAN_SetRxMsgObj)
    CAN_SetTxMsg                             0x000021d5   Thumb Code   356  can.o(i.CAN_SetTxMsg)
    CAN_Transmit                             0x00002339   Thumb Code    74  can.o(i.CAN_Transmit)
    CAN_Transmit_ISP                         0x00002385   Thumb Code    20  hal_can_isp.o(i.CAN_Transmit_ISP)
    CAN_TriggerTxMsg                         0x0000239d   Thumb Code   136  can.o(i.CAN_TriggerTxMsg)
    CAN_WRITE                                0x00002425   Thumb Code   474  isp_can_bus.o(i.CAN_WRITE)
    Checksum                                 0x00002651   Thumb Code    26  isp_cmd.o(i.Checksum)
    Checksum_up                              0x0000266b   Thumb Code    26  isp_can_bus.o(i.Checksum_up)
    CmdFWVersion                             0x00002685   Thumb Code   100  isp_cmd.o(i.CmdFWVersion)
    CmdGetConfig                             0x00002701   Thumb Code   116  isp_cmd.o(i.CmdGetConfig)
    CmdGetDeviceID                           0x0000278d   Thumb Code   100  isp_cmd.o(i.CmdGetDeviceID)
    CmdGetFlashMode                          0x00002809   Thumb Code   100  isp_cmd.o(i.CmdGetFlashMode)
    CmdRunAPROM                              0x00002885   Thumb Code    74  isp_cmd.o(i.CmdRunAPROM)
    CmdRunLDROM                              0x000028d9   Thumb Code    74  isp_cmd.o(i.CmdRunLDROM)
    CmdSyncPackno                            0x0000292d   Thumb Code   108  isp_cmd.o(i.CmdSyncPackno)
    CmdUpdateConfig                          0x000029ad   Thumb Code    96  isp_cmd.o(i.CmdUpdateConfig)
    FWVersion                                0x00002a21   Thumb Code    14  isp_cmd.o(i.FWVersion)
    GET_FILE_CHECKSUM                        0x00002a2f   Thumb Code    92  isp_file_access.o(i.GET_FILE_CHECKSUM)
    GET_FILE_SIZE                            0x00002a8b   Thumb Code    42  isp_file_access.o(i.GET_FILE_SIZE)
    GPC_IRQHandler                           0x00002ab5   Thumb Code    18  main.o(i.GPC_IRQHandler)
    GetConfig                                0x00002acd   Thumb Code    14  isp_cmd.o(i.GetConfig)
    GetDeviceID                              0x00002adb   Thumb Code    14  isp_cmd.o(i.GetDeviceID)
    GetFlashMode                             0x00002ae9   Thumb Code    14  isp_cmd.o(i.GetFlashMode)
    HSUSBD_CtrlIn                            0x00002b55   Thumb Code   194  hsusbd.o(i.HSUSBD_CtrlIn)
    HSUSBD_GetDescriptor                     0x00002c29   Thumb Code   704  hsusbd.o(i.HSUSBD_GetDescriptor)
    HSUSBD_Open                              0x00002f19   Thumb Code    72  hsusbd.o(i.HSUSBD_Open)
    HSUSBD_PrepareCtrlIn                     0x00002f79   Thumb Code    10  hsusbd.o(i.HSUSBD_PrepareCtrlIn)
    HSUSBD_ProcessSetupPacket                0x00002f8d   Thumb Code   102  hsusbd.o(i.HSUSBD_ProcessSetupPacket)
    HSUSBD_StandardRequest                   0x0000308d   Thumb Code   606  hsusbd.o(i.HSUSBD_StandardRequest)
    HSUSBD_Start                             0x00003329   Thumb Code    14  hsusbd.o(i.HSUSBD_Start)
    HSUSBD_SwReset                           0x0000333d   Thumb Code    24  hsusbd.o(i.HSUSBD_SwReset)
    HSUSBD_UpdateDeviceState                 0x00003369   Thumb Code   366  hsusbd.o(i.HSUSBD_UpdateDeviceState)
    I2C_Config                               0x000034f1   Thumb Code     6  isp_i2c_bus.o(i.I2C_Config)
    I2C_READ                                 0x000034f9   Thumb Code    24  isp_i2c_bus.o(i.I2C_READ)
    I2C_WRITE                                0x00003515   Thumb Code    24  isp_i2c_bus.o(i.I2C_WRITE)
    ISP_Bridge_Init                          0x00003531   Thumb Code    28  isp_bridge.o(i.ISP_Bridge_Init)
    ISP_FLOW                                 0x00003555   Thumb Code   442  main.o(i.ISP_FLOW)
    ISP_UART_READ                            0x000037ed   Thumb Code   108  isp_uart_bus.o(i.ISP_UART_READ)
    ISP_UART_WRITE                           0x00003869   Thumb Code    18  isp_uart_bus.o(i.ISP_UART_WRITE)
    MOUNT_FILE_SYSTEM                        0x00003911   Thumb Code    18  isp_file_access.o(i.MOUNT_FILE_SYSTEM)
    MSC_AckCmd                               0x0000392d   Thumb Code    36  massstorage.o(i.MSC_AckCmd)
    MSC_ActiveDMA                            0x00003961   Thumb Code    70  massstorage.o(i.MSC_ActiveDMA)
    MSC_BulkIn                               0x000039b9   Thumb Code   216  massstorage.o(i.MSC_BulkIn)
    MSC_BulkOut                              0x00003a9d   Thumb Code    64  massstorage.o(i.MSC_BulkOut)
    MSC_ClassRequest                         0x00003ae1   Thumb Code   176  massstorage.o(i.MSC_ClassRequest)
    MSC_Init                                 0x00003bad   Thumb Code    68  massstorage.o(i.MSC_Init)
    MSC_InitForFullSpeed                     0x00003c11   Thumb Code    80  massstorage.o(i.MSC_InitForFullSpeed)
    MSC_InitForHighSpeed                     0x00003c69   Thumb Code    84  massstorage.o(i.MSC_InitForHighSpeed)
    MSC_ModeSense10                          0x00003cc5   Thumb Code   452  massstorage.o(i.MSC_ModeSense10)
    MSC_ModeSense6                           0x00003ea9   Thumb Code    38  massstorage.o(i.MSC_ModeSense6)
    MSC_ProcessCmd                           0x00003edd   Thumb Code  1272  massstorage.o(i.MSC_ProcessCmd)
    MSC_ReadCapacity                         0x000043ed   Thumb Code    82  massstorage.o(i.MSC_ReadCapacity)
    MSC_ReadFormatCapacity                   0x0000444d   Thumb Code   136  massstorage.o(i.MSC_ReadFormatCapacity)
    MSC_ReceiveCBW                           0x000044e1   Thumb Code    86  massstorage.o(i.MSC_ReceiveCBW)
    MSC_RequestSense                         0x00004549   Thumb Code   104  massstorage.o(i.MSC_RequestSense)
    RS485_Config                             0x00004621   Thumb Code     6  isp_rs485_bus.o(i.RS485_Config)
    RS485_Init                               0x00004629   Thumb Code   194  hal_rs485.o(i.RS485_Init)
    RS485_READ                               0x0000470d   Thumb Code   108  isp_rs485_bus.o(i.RS485_READ)
    RS485_WRITE                              0x00004789   Thumb Code    18  isp_rs485_bus.o(i.RS485_WRITE)
    RS485_WriteMultiBytes                    0x0000479d   Thumb Code    90  hal_rs485.o(i.RS485_WriteMultiBytes)
    RcvData                                  0x00004809   Thumb Code   144  isp_cmd.o(i.RcvData)
    Read_ARPOM_INFORMATION                   0x000048e1   Thumb Code   156  isp_file_access.o(i.Read_ARPOM_INFORMATION)
    Read_CONFIG_SDCARD                       0x000049cd   Thumb Code   130  isp_file_access.o(i.Read_CONFIG_SDCARD)
    Read_DATAFLASH_INFORMATION               0x00004a8d   Thumb Code   144  isp_file_access.o(i.Read_DATAFLASH_INFORMATION)
    Read_INTERFACE                           0x00004b75   Thumb Code   240  isp_file_access.o(i.Read_INTERFACE)
    Read_SN_INFORMATION                      0x00004d1d   Thumb Code    80  isp_file_access.o(i.Read_SN_INFORMATION)
    SPI1_Init                                0x00004dc9   Thumb Code   236  hal_spi.o(i.SPI1_Init)
    SPI1_Read                                0x00004ec9   Thumb Code   116  hal_spi.o(i.SPI1_Read)
    SPI1_Write                               0x00004f41   Thumb Code   102  hal_spi.o(i.SPI1_Write)
    SPIM_Enable_4Bytes_Mode                  0x00004fb1   Thumb Code   218  spim.o(i.SPIM_Enable_4Bytes_Mode)
    SPIM_EraseBlock                          0x00005091   Thumb Code   178  spim.o(i.SPIM_EraseBlock)
    SPIM_IO_Read                             0x00005149   Thumb Code   218  spim.o(i.SPIM_IO_Read)
    SPIM_IO_Write                            0x00005229   Thumb Code   156  spim.o(i.SPIM_IO_Write)
    SPIM_InitFlash                           0x000052c5   Thumb Code   340  spim.o(i.SPIM_InitFlash)
    SPIM_Is4ByteModeEnable                   0x00005421   Thumb Code   150  spim.o(i.SPIM_Is4ByteModeEnable)
    SPIM_ReadJedecId                         0x000054b9   Thumb Code    76  spim.o(i.SPIM_ReadJedecId)
    SPI_Config                               0x000057cd   Thumb Code     6  isp_spi_bus.o(i.SPI_Config)
    SPI_READ                                 0x000057d3   Thumb Code    20  isp_spi_bus.o(i.SPI_READ)
    SPI_WRITE                                0x000057e9   Thumb Code    70  isp_spi_bus.o(i.SPI_WRITE)
    SYS_Init                                 0x00005835   Thumb Code   206  main.o(i.SYS_Init)
    SendData                                 0x00005919   Thumb Code    38  isp_cmd.o(i.SendData)
    SpiInit                                  0x00005951   Thumb Code   194  spim_spi_flash.o(i.SpiInit)
    SpiRead                                  0x00005a6d   Thumb Code    44  spim_spi_flash.o(i.SpiRead)
    SpiWrite                                 0x00005a99   Thumb Code   192  spim_spi_flash.o(i.SpiWrite)
    SyncPackno                               0x00005c15   Thumb Code    10  isp_cmd.o(i.SyncPackno)
    SystemCoreClockUpdate                    0x00005c21   Thumb Code    76  system_m480.o(i.SystemCoreClockUpdate)
    SystemInit                               0x00005c89   Thumb Code   130  system_m480.o(i.SystemInit)
    UART1_IRQHandler                         0x00005d21   Thumb Code    88  hal_rs485.o(i.UART1_IRQHandler)
    UART2_IRQHandler                         0x00005d89   Thumb Code    88  isp_uart_bus.o(i.UART2_IRQHandler)
    UART_Config                              0x00005df1   Thumb Code   140  isp_uart_bus.o(i.UART_Config)
    UART_WriteMultiBytes                     0x00005e95   Thumb Code    78  isp_uart_bus.o(i.UART_WriteMultiBytes)
    UI2C0_Init                               0x00005ef1   Thumb Code   190  hal_usci_i2c.o(i.UI2C0_Init)
    UI2C_ReadMultiBytes                      0x00005fbd   Thumb Code   246  usci_i2c.o(i.UI2C_ReadMultiBytes)
    UI2C_WriteMultiBytes                     0x000060b3   Thumb Code   166  usci_i2c.o(i.UI2C_WriteMultiBytes)
    UNMOUNT_FILE_SYSTEM                      0x00006159   Thumb Code    14  isp_file_access.o(i.UNMOUNT_FILE_SYSTEM)
    USBD20_IRQHandler                        0x0000616d   Thumb Code  1088  massstorage.o(i.USBD20_IRQHandler)
    UpdatedTargetFalsh                       0x000065b1   Thumb Code   720  isp_cmd.o(i.UpdatedTargetFalsh)
    Updated_Target_Flash                     0x0000690d   Thumb Code    18  isp_cmd.o(i.Updated_Target_Flash)
    WINBOND25X16A_EraseSector                0x00006921   Thumb Code    28  spim_spi_flash.o(i.WINBOND25X16A_EraseSector)
    WINBOND25X16A_ProgramPage                0x00006941   Thumb Code    42  spim_spi_flash.o(i.WINBOND25X16A_ProgramPage)
    WINBOND25X16A_ReadPage                   0x00006971   Thumb Code    50  spim_spi_flash.o(i.WINBOND25X16A_ReadPage)
    WordsCpy                                 0x000069a9   Thumb Code    26  isp_cmd.o(i.WordsCpy)
    __0printf                                0x000069c5   Thumb Code    22  printfa.o(i.__0printf)
    __1printf                                0x000069c5   Thumb Code     0  printfa.o(i.__0printf)
    __2printf                                0x000069c5   Thumb Code     0  printfa.o(i.__0printf)
    __c89printf                              0x000069c5   Thumb Code     0  printfa.o(i.__0printf)
    printf                                   0x000069c5   Thumb Code     0  printfa.o(i.__0printf)
    __0sprintf                               0x000069e5   Thumb Code    34  printfa.o(i.__0sprintf)
    __1sprintf                               0x000069e5   Thumb Code     0  printfa.o(i.__0sprintf)
    __2sprintf                               0x000069e5   Thumb Code     0  printfa.o(i.__0sprintf)
    __c89sprintf                             0x000069e5   Thumb Code     0  printfa.o(i.__0sprintf)
    sprintf                                  0x000069e5   Thumb Code     0  printfa.o(i.__0sprintf)
    __aeabi_errno_addr                       0x00006a0d   Thumb Code     4  errno.o(i.__aeabi_errno_addr)
    __rt_errno_addr                          0x00006a0d   Thumb Code     0  errno.o(i.__aeabi_errno_addr)
    __scatterload_copy                       0x00006a15   Thumb Code    14  handlers.o(i.__scatterload_copy)
    __scatterload_null                       0x00006a23   Thumb Code     2  handlers.o(i.__scatterload_null)
    __scatterload_zeroinit                   0x00006a25   Thumb Code    14  handlers.o(i.__scatterload_zeroinit)
    auto_detect_command                      0x000072f1   Thumb Code   172  isp_cmd.o(i.auto_detect_command)
    check_error                              0x0000740d   Thumb Code    36  main.o(i.check_error)
    clust2sect                               0x0000752f   Thumb Code    26  ff.o(i.clust2sect)
    disk_initialize                          0x00007cf3   Thumb Code     6  diskio.o(i.disk_initialize)
    disk_ioctl                               0x00007cf9   Thumb Code    72  diskio.o(i.disk_ioctl)
    disk_read                                0x00007d41   Thumb Code    58  diskio.o(i.disk_read)
    disk_status                              0x00007d7b   Thumb Code    10  diskio.o(i.disk_status)
    disk_write                               0x00007d85   Thumb Code    58  diskio.o(i.disk_write)
    f_ReadLine                               0x00007dc1   Thumb Code    90  isp_file_access.o(i.f_ReadLine)
    f_close                                  0x00007e2d   Thumb Code    32  ff.o(i.f_close)
    f_gets                                   0x00007e4d   Thumb Code    82  ff.o(i.f_gets)
    f_mount                                  0x00007ea1   Thumb Code    86  ff.o(i.f_mount)
    f_open                                   0x00007efd   Thumb Code   360  ff.o(i.f_open)
    f_read                                   0x00008069   Thumb Code   434  ff.o(i.f_read)
    f_sync                                   0x0000821b   Thumb Code   176  ff.o(i.f_sync)
    ff_convert                               0x000082cd   Thumb Code    70  ccsbcs.o(i.ff_convert)
    ff_wtoupper                              0x00008319   Thumb Code    46  ccsbcs.o(i.ff_wtoupper)
    get_fat                                  0x000088b1   Thumb Code   232  ff.o(i.get_fat)
    get_fattime                              0x00008999   Thumb Code     4  diskio.o(i.get_fattime)
    init_ISP_command                         0x000089e5   Thumb Code    44  isp_cmd.o(i.init_ISP_command)
    io_open                                  0x00008a81   Thumb Code    84  isp_driver.o(i.io_open)
    io_read                                  0x00008ad9   Thumb Code    62  isp_driver.o(i.io_read)
    io_write                                 0x00008b17   Thumb Code    62  isp_driver.o(i.io_write)
    main                                     0x00008b75   Thumb Code   244  main.o(i.main)
    put_fat                                  0x00008d0f   Thumb Code   310  ff.o(i.put_fat)
    str_compare                              0x000091b1   Thumb Code    64  isp_driver.o(i.str_compare)
    UART_Driver                              0x0000935c   Data           8  isp_driver.o(.constdata)
    CAN_Driver                               0x00009364   Data           8  isp_driver.o(.constdata)
    SPI_Driver                               0x0000936c   Data           8  isp_driver.o(.constdata)
    I2C_Driver                               0x00009374   Data           8  isp_driver.o(.constdata)
    RS485_Driver                             0x0000937c   Data           8  isp_driver.o(.constdata)
    AP_CMD                                   0x00009384   Data          10  isp_file_access.o(.constdata)
    DATAFLASH_CMD                            0x0000938e   Data          14  isp_file_access.o(.constdata)
    SN_CMD                                   0x0000939c   Data           7  isp_file_access.o(.constdata)
    WCONFIG_CMD                              0x000093a3   Data          13  isp_file_access.o(.constdata)
    IF0_CMD                                  0x000093b0   Data          11  isp_file_access.o(.constdata)
    IF1_CMD                                  0x000093bb   Data          12  isp_file_access.o(.constdata)
    IF2_CMD                                  0x000093c7   Data          10  isp_file_access.o(.constdata)
    IF3_CMD                                  0x000093d1   Data          10  isp_file_access.o(.constdata)
    IF4_CMD                                  0x000093db   Data          10  isp_file_access.o(.constdata)
    IF5_CMD                                  0x000093e5   Data          18  isp_file_access.o(.constdata)
    IF6_CMD                                  0x000093f7   Data          14  isp_file_access.o(.constdata)
    AUTO_DETECT_CMD                          0x00009405   Data          16  isp_file_access.o(.constdata)
    __ctype_table                            0x00009af4   Data         129  ctype_o.o(.constdata)
    Region$$Table$$Base                      0x00009b98   Number         0  anon$$obj.o(Region$$Table)
    Region$$Table$$Limit                     0x00009bb8   Number         0  anon$$obj.o(Region$$Table)
    SystemCoreClock                          0x20000000   Data           4  system_m480.o(.data)
    CyclesPerUs                              0x20000004   Data           4  system_m480.o(.data)
    PllClock                                 0x20000008   Data           4  system_m480.o(.data)
    gau32ClkSrcTbl                           0x2000000c   Data          32  system_m480.o(.data)
    DEV_handle                               0x2000002c   Data           4  main.o(.data)
    fwversion                                0x20000030   Data           4  main.o(.data)
    flash_boot                               0x20000034   Data           4  main.o(.data)
    devid                                    0x20000038   Data           4  main.o(.data)
    config                                   0x2000003c   Data           8  main.o(.data)
    programming_count                        0x20000044   Data           4  main.o(.data)
    StartAddress                             0x20000048   Data           4  isp_can_bus.o(.data)
    TotalLen                                 0x2000004c   Data           4  isp_can_bus.o(.data)
    glcmd                                    0x20000050   Data           4  isp_can_bus.o(.data)
    g_packno                                 0x20000054   Data           4  isp_cmd.o(.data)
    gcksum                                   0x20000058   Data           2  isp_cmd.o(.data)
    DevTab                                   0x2000005c   Data          60  isp_driver.o(.data)
    SN_value                                 0x20000098   Data           4  isp_file_access.o(.data)
    AUTO_DETECT_VALUE                        0x2000009c   Data           4  isp_file_access.o(.data)
    w_Config                                 0x200000a0   Data           4  isp_file_access.o(.data)
    w_Config0                                0x200000a4   Data           4  isp_file_access.o(.data)
    w_Config1                                0x200000a8   Data           4  isp_file_access.o(.data)
    DEVICE_TYPE                              0x200000ac   Data           1  isp_file_access.o(.data)
    link_state                               0x200000b0   Data           4  isp_file_access.o(.data)
    AP_file_totallen                         0x200000b4   Data           4  isp_file_access.o(.data)
    AP_file_checksum                         0x200000b8   Data           4  isp_file_access.o(.data)
    DATAFLASH_file_totallen                  0x200000bc   Data           4  isp_file_access.o(.data)
    DATAFLASH_file_checksum                  0x200000c0   Data           4  isp_file_access.o(.data)
    user_sn                                  0x200000c4   Data           4  isp_file_access.o(.data)
    u8CAN_PackageFlag                        0x200000c8   Data           1  hal_can_isp.o(.data)
    bUartDataReady                           0x200000c9   Data           1  hal_rs485.o(.data)
    bufhead                                  0x200000ca   Data           1  hal_rs485.o(.data)
    gu8DeviceDescriptor                      0x200000cc   Data          18  descriptors.o(.data)
    gu8QualifierDescriptor                   0x200000e0   Data          10  descriptors.o(.data)
    gu8ConfigDescriptor                      0x200000ec   Data          32  descriptors.o(.data)
    gu8OtherConfigDescriptorHS               0x2000010c   Data          32  descriptors.o(.data)
    gu8ConfigDescriptorFS                    0x2000012c   Data          32  descriptors.o(.data)
    gu8OtherConfigDescriptorFS               0x2000014c   Data          32  descriptors.o(.data)
    gu8StringLang                            0x2000016c   Data           4  descriptors.o(.data)
    gu8VendorStringDesc                      0x20000170   Data          16  descriptors.o(.data)
    gu8ProductStringDesc                     0x20000180   Data          22  descriptors.o(.data)
    gu8StringSerial                          0x20000198   Data          26  descriptors.o(.data)
    gpu8UsbString                            0x200001b4   Data          16  descriptors.o(.data)
    gsHSInfo                                 0x200001c4   Data          44  descriptors.o(.data)
    g_TotalSectors                           0x200001f0   Data           4  massstorage.o(.data)
    g_u8BulkState                            0x200001f4   Data           1  massstorage.o(.data)
    g_u8Prevent                              0x200001f5   Data           1  massstorage.o(.data)
    g_u8Remove                               0x200001f6   Data           1  massstorage.o(.data)
    g_u8MscOutPacket                         0x200001f7   Data           1  massstorage.o(.data)
    g_au8SenseKey                            0x200001f8   Data           4  massstorage.o(.data)
    g_u32MSCMaxLun                           0x200001fc   Data           4  massstorage.o(.data)
    g_u32LbaAddress                          0x20000200   Data           4  massstorage.o(.data)
    g_u32MassBase                            0x20000204   Data           4  massstorage.o(.data)
    g_u32StorageBase                         0x20000208   Data           4  massstorage.o(.data)
    g_u32EpMaxPacketSize                     0x2000020c   Data           4  massstorage.o(.data)
    g_u32CbwSize                             0x20000210   Data           4  massstorage.o(.data)
    g_au8InquiryID                           0x20000214   Data          36  massstorage.o(.data)
    gUsbCmd                                  0x20000290   Data           8  hsusbd.o(.data)
    g_hsusbd_sInfo                           0x20000298   Data           4  hsusbd.o(.data)
    g_hsusbd_pfnVendorRequest                0x2000029c   Data           4  hsusbd.o(.data)
    g_hsusbd_pfnClassRequest                 0x200002a0   Data           4  hsusbd.o(.data)
    g_hsusbd_pfnSetInterface                 0x200002a4   Data           4  hsusbd.o(.data)
    g_u32HsEpStallLock                       0x200002a8   Data           4  hsusbd.o(.data)
    g_hsusbd_Configured                      0x200002b8   Data           1  hsusbd.o(.data)
    g_hsusbd_CtrlZero                        0x200002b9   Data           1  hsusbd.o(.data)
    g_hsusbd_UsbAddr                         0x200002ba   Data           1  hsusbd.o(.data)
    g_hsusbd_ShortPacket                     0x200002bb   Data           1  hsusbd.o(.data)
    g_hsusbd_DmaDone                         0x200002bc   Data           4  hsusbd.o(.data)
    g_hsusbd_CtrlInSize                      0x200002c0   Data           4  hsusbd.o(.data)
    __stdout                                 0x200002d4   Data           4  retarget.o(.data)
    loca_buffer                              0x200002dc   Data          64  isp_can_bus.o(.bss)
    response_buff                            0x2000031c   Data          64  isp_can_bus.o(.bss)
    rcvbuf                                   0x2000035c   Data          64  isp_cmd.o(.bss)
    sendbuf                                  0x2000039c   Data          64  isp_cmd.o(.bss)
    file_buffer                              0x200003dc   Data         512  isp_cmd.o(.bss)
    ISP_COMMAND                              0x200005dc   Data          40  isp_cmd.o(.bss)
    Fs                                       0x20000604   Data         560  isp_file_access.o(.bss)
    APROM_NAME                               0x20000834   Data         128  isp_file_access.o(.bss)
    DATAFLASH_NAME                           0x200008b4   Data         128  isp_file_access.o(.bss)
    SN_BUFF                                  0x20000934   Data         128  isp_file_access.o(.bss)
    rrMsg                                    0x200009b4   Data          24  hal_can_isp.o(.bss)
    uart_rcvbuf                              0x200009cc   Data          64  hal_rs485.o(.bss)
    g_sectorBuf                              0x20000a0c   Data        4096  spim_spi_flash.o(.bss)
    gu8UsbHidReport                          0x20001a0c   Data          12  descriptors.o(.bss)
    gu32UsbHidReportLen                      0x20001a18   Data          12  descriptors.o(.bss)
    MassBlock                                0x20001a24   Data         256  massstorage.o(.bss)
    Storage_Block                            0x20001b24   Data         512  massstorage.o(.bss)
    g_sCBW                                   0x20001d24   Data          32  massstorage.o(.bss)
    g_sCSW                                   0x20001d44   Data          16  massstorage.o(.bss)
    __initial_sp                             0x20002760   Data           0  startup_m480.o(STACK)



==============================================================================

Memory Map of the image

  Image Entry point : 0x000001e9

  Load Region LR_1 (Base: 0x00000000, Size: 0x00009e94, Max: 0xffffffff, ABSOLUTE)

    Execution Region ER_RO (Base: 0x00000000, Size: 0x00009bb8, Max: 0xffffffff, ABSOLUTE)

    Base Addr    Size         Type   Attr      Idx    E Section Name        Object

    0x00000000   0x000001b8   Data   RO          308    RESET               startup_m480.o
    0x000001b8   0x00000000   Code   RO         4045  * .ARM.Collect$$$$00000000  mc_w.l(entry.o)
    0x000001b8   0x00000004   Code   RO         4361    .ARM.Collect$$$$00000001  mc_w.l(entry2.o)
    0x000001bc   0x00000004   Code   RO         4364    .ARM.Collect$$$$00000004  mc_w.l(entry5.o)
    0x000001c0   0x00000000   Code   RO         4366    .ARM.Collect$$$$00000008  mc_w.l(entry7b.o)
    0x000001c0   0x00000008   Code   RO         4367    .ARM.Collect$$$$00000009  mc_w.l(entry8.o)
    0x000001c8   0x00000004   Code   RO         4362    .ARM.Collect$$$$00002712  mc_w.l(entry2.o)
    0x000001cc   0x0000001c   Code   RO         4328    .emb_text           Voltage.lib(retarget.o)
    0x000001e8   0x00000068   Code   RO          309  * .text               startup_m480.o
    0x00000250   0x00000424   Code   RO         1528    .text               Voltage.lib(uart.o)
    0x00000674   0x0000067c   Code   RO         1823    .text               Voltage.lib(clk.o)
    0x00000cf0   0x000000c4   Code   RO         1856    .text               Voltage.lib(gpio.o)
    0x00000db4   0x00000198   Code   RO         1880    .text               Voltage.lib(voltage.o)
    0x00000f4c   0x000000c8   Code   RO         3738    .text               Voltage.lib(easyscale.o)
    0x00001014   0x00000062   Code   RO         4046    .text               mc_w.l(uldiv.o)
    0x00001076   0x00000024   Code   RO         4048    .text               mc_w.l(memcpya.o)
    0x0000109a   0x00000026   Code   RO         4050    .text               mc_w.l(memseta.o)
    0x000010c0   0x0000001c   Code   RO         4052    .text               mc_w.l(strcmp.o)
    0x000010dc   0x00000072   Code   RO         4317    .text               mc_w.l(strtoul.o)
    0x0000114e   0x000000e0   Code   RO         4319    .text               mf_w.l(dmul.o)
    0x0000122e   0x0000002c   Code   RO         4321    .text               mf_w.l(f2d.o)
    0x0000125a   0x00000038   Code   RO         4323    .text               mf_w.l(d2f.o)
    0x00001292   0x00000002   PAD
    0x00001294   0x00000128   Code   RO         4329    .text               Voltage.lib(retarget.o)
    0x000013bc   0x0000002c   Code   RO         4368    .text               mc_w.l(uidiv.o)
    0x000013e8   0x0000001e   Code   RO         4370    .text               mc_w.l(llshl.o)
    0x00001406   0x00000020   Code   RO         4372    .text               mc_w.l(llushr.o)
    0x00001426   0x00000002   PAD
    0x00001428   0x00000008   Code   RO         4374    .text               mc_w.l(ctype_o.o)
    0x00001430   0x0000009e   Code   RO         4409    .text               mc_w.l(_strtoul.o)
    0x000014ce   0x00000000   Code   RO         4411    .text               mc_w.l(iusefp.o)
    0x000014ce   0x0000006c   Code   RO         4412    .text               mf_w.l(fepilogue.o)
    0x0000153a   0x000000be   Code   RO         4414    .text               mf_w.l(depilogue.o)
    0x000015f8   0x0000014c   Code   RO         4416    .text               mf_w.l(dadd.o)
    0x00001744   0x000000de   Code   RO         4418    .text               mf_w.l(ddiv.o)
    0x00001822   0x00000030   Code   RO         4420    .text               mf_w.l(dfixul.o)
    0x00001852   0x00000002   PAD
    0x00001854   0x00000028   Code   RO         4422    .text               mf_w.l(cdrcmple.o)
    0x0000187c   0x00000024   Code   RO         4424    .text               mc_w.l(init.o)
    0x000018a0   0x00000024   Code   RO         4426    .text               mc_w.l(llsshr.o)
    0x000018c4   0x0000001c   Code   RO         4428    .text               mc_w.l(_chval.o)
    0x000018e0   0x0000000a   Code   RO          650    i.Auto_Detect_Connect  isp_cmd.o
    0x000018ea   0x00000002   PAD
    0x000018ec   0x00000054   Code   RO         1174    i.CAN1_IRQHandler   hal_can_isp.o
    0x00001940   0x000000a6   Code   RO         2990    i.CAN_BasicReceiveMsg  OFFLINE_LIB.lib(can.o)
    0x000019e6   0x00000002   PAD
    0x000019e8   0x000000cc   Code   RO         2991    i.CAN_BasicSendMsg  OFFLINE_LIB.lib(can.o)
    0x00001ab4   0x0000003e   Code   RO         2992    i.CAN_CLR_INT_PENDING_BIT  OFFLINE_LIB.lib(can.o)
    0x00001af2   0x00000006   Code   RO          585    i.CAN_Config        isp_can_bus.o
    0x00001af8   0x00000010   Code   RO         2995    i.CAN_EnableInt     OFFLINE_LIB.lib(can.o)
    0x00001b08   0x00000008   Code   RO         2996    i.CAN_EnterInitMode  OFFLINE_LIB.lib(can.o)
    0x00001b10   0x000000b0   Code   RO         1175    i.CAN_Init          hal_can_isp.o
    0x00001bc0   0x00000024   Code   RO         2999    i.CAN_IsNewDataReceived  OFFLINE_LIB.lib(can.o)
    0x00001be4   0x00000016   Code   RO         3000    i.CAN_LeaveInitMode  OFFLINE_LIB.lib(can.o)
    0x00001bfa   0x00000002   PAD
    0x00001bfc   0x00000024   Code   RO         1176    i.CAN_MsgInterrupt  hal_can_isp.o
    0x00001c20   0x00000040   Code   RO         1177    i.CAN_Package_Tx    hal_can_isp.o
    0x00001c60   0x00000024   Code   RO          587    i.CAN_READ          isp_can_bus.o
    0x00001c84   0x00000182   Code   RO         3003    i.CAN_ReadMsgObj    OFFLINE_LIB.lib(can.o)
    0x00001e06   0x00000040   Code   RO         3004    i.CAN_Receive       OFFLINE_LIB.lib(can.o)
    0x00001e46   0x00000002   PAD
    0x00001e48   0x00000208   Code   RO         3005    i.CAN_SetBaudRate   OFFLINE_LIB.lib(can.o)
    0x00002050   0x00000044   Code   RO         3007    i.CAN_SetRxMsg      OFFLINE_LIB.lib(can.o)
    0x00002094   0x00000140   Code   RO         3009    i.CAN_SetRxMsgObj   OFFLINE_LIB.lib(can.o)
    0x000021d4   0x00000164   Code   RO         3011    i.CAN_SetTxMsg      OFFLINE_LIB.lib(can.o)
    0x00002338   0x0000004a   Code   RO         3012    i.CAN_Transmit      OFFLINE_LIB.lib(can.o)
    0x00002382   0x00000002   PAD
    0x00002384   0x00000018   Code   RO         1179    i.CAN_Transmit_ISP  hal_can_isp.o
    0x0000239c   0x00000088   Code   RO         3013    i.CAN_TriggerTxMsg  OFFLINE_LIB.lib(can.o)
    0x00002424   0x000001fc   Code   RO          588    i.CAN_WRITE         isp_can_bus.o
    0x00002620   0x00000030   Code   RO          651    i.CLK_SysTickDelay  isp_cmd.o
    0x00002650   0x0000001a   Code   RO          652    i.Checksum          isp_cmd.o
    0x0000266a   0x0000001a   Code   RO          589    i.Checksum_up       isp_can_bus.o
    0x00002684   0x0000007c   Code   RO          653    i.CmdFWVersion      isp_cmd.o
    0x00002700   0x0000008c   Code   RO          654    i.CmdGetConfig      isp_cmd.o
    0x0000278c   0x0000007c   Code   RO          655    i.CmdGetDeviceID    isp_cmd.o
    0x00002808   0x0000007c   Code   RO          656    i.CmdGetFlashMode   isp_cmd.o
    0x00002884   0x00000054   Code   RO          657    i.CmdRunAPROM       isp_cmd.o
    0x000028d8   0x00000054   Code   RO          658    i.CmdRunLDROM       isp_cmd.o
    0x0000292c   0x00000080   Code   RO          659    i.CmdSyncPackno     isp_cmd.o
    0x000029ac   0x00000074   Code   RO          660    i.CmdUpdateConfig   isp_cmd.o
    0x00002a20   0x0000000e   Code   RO          661    i.FWVersion         isp_cmd.o
    0x00002a2e   0x0000005c   Code   RO          880    i.GET_FILE_CHECKSUM  isp_file_access.o
    0x00002a8a   0x0000002a   Code   RO          881    i.GET_FILE_SIZE     isp_file_access.o
    0x00002ab4   0x00000018   Code   RO          316    i.GPC_IRQHandler    main.o
    0x00002acc   0x0000000e   Code   RO          662    i.GetConfig         isp_cmd.o
    0x00002ada   0x0000000e   Code   RO          663    i.GetDeviceID       isp_cmd.o
    0x00002ae8   0x0000000e   Code   RO          664    i.GetFlashMode      isp_cmd.o
    0x00002af6   0x00000002   PAD
    0x00002af8   0x0000005c   Code   RO         2726    i.HSUSBD_ConfigEp   OFFLINE_LIB.lib(massstorage.o)
    0x00002b54   0x000000d4   Code   RO         2898    i.HSUSBD_CtrlIn     OFFLINE_LIB.lib(hsusbd.o)
    0x00002c28   0x000002d8   Code   RO         2900    i.HSUSBD_GetDescriptor  OFFLINE_LIB.lib(hsusbd.o)
    0x00002f00   0x00000018   Code   RO         2727    i.HSUSBD_MemCopy    OFFLINE_LIB.lib(massstorage.o)
    0x00002f18   0x00000060   Code   RO         2901    i.HSUSBD_Open       OFFLINE_LIB.lib(hsusbd.o)
    0x00002f78   0x00000014   Code   RO         2902    i.HSUSBD_PrepareCtrlIn  OFFLINE_LIB.lib(hsusbd.o)
    0x00002f8c   0x00000078   Code   RO         2903    i.HSUSBD_ProcessSetupPacket  OFFLINE_LIB.lib(hsusbd.o)
    0x00003004   0x00000014   Code   RO         2728    i.HSUSBD_ResetDMA   OFFLINE_LIB.lib(massstorage.o)
    0x00003018   0x0000003c   Code   RO         2729    i.HSUSBD_SetEpBufAddr  OFFLINE_LIB.lib(massstorage.o)
    0x00003054   0x00000038   Code   RO         2730    i.HSUSBD_SetEpStall  OFFLINE_LIB.lib(massstorage.o)
    0x0000308c   0x0000029c   Code   RO         2905    i.HSUSBD_StandardRequest  OFFLINE_LIB.lib(hsusbd.o)
    0x00003328   0x00000014   Code   RO         2906    i.HSUSBD_Start      OFFLINE_LIB.lib(hsusbd.o)
    0x0000333c   0x0000002c   Code   RO         2907    i.HSUSBD_SwReset    OFFLINE_LIB.lib(hsusbd.o)
    0x00003368   0x00000188   Code   RO         2908    i.HSUSBD_UpdateDeviceState  OFFLINE_LIB.lib(hsusbd.o)
    0x000034f0   0x00000006   Code   RO          975    i.I2C_Config        isp_i2c_bus.o
    0x000034f6   0x00000002   PAD
    0x000034f8   0x0000001c   Code   RO          977    i.I2C_READ          isp_i2c_bus.o
    0x00003514   0x0000001c   Code   RO          978    i.I2C_WRITE         isp_i2c_bus.o
    0x00003530   0x00000024   Code   RO         1453    i.ISP_Bridge_Init   isp_bridge.o
    0x00003554   0x00000298   Code   RO          317    i.ISP_FLOW          main.o
    0x000037ec   0x0000007c   Code   RO         1116    i.ISP_UART_READ     isp_uart_bus.o
    0x00003868   0x00000012   Code   RO         1117    i.ISP_UART_WRITE    isp_uart_bus.o
    0x0000387a   0x00000002   PAD
    0x0000387c   0x00000070   Code   RO         3015    i.LockIF            OFFLINE_LIB.lib(can.o)
    0x000038ec   0x00000024   Code   RO         3016    i.LockIF_TL         OFFLINE_LIB.lib(can.o)
    0x00003910   0x0000001c   Code   RO          882    i.MOUNT_FILE_SYSTEM  isp_file_access.o
    0x0000392c   0x00000034   Code   RO         2731    i.MSC_AckCmd        OFFLINE_LIB.lib(massstorage.o)
    0x00003960   0x00000058   Code   RO         2732    i.MSC_ActiveDMA     OFFLINE_LIB.lib(massstorage.o)
    0x000039b8   0x000000e4   Code   RO         2733    i.MSC_BulkIn        OFFLINE_LIB.lib(massstorage.o)
    0x00003a9c   0x00000044   Code   RO         2734    i.MSC_BulkOut       OFFLINE_LIB.lib(massstorage.o)
    0x00003ae0   0x000000cc   Code   RO         2735    i.MSC_ClassRequest  OFFLINE_LIB.lib(massstorage.o)
    0x00003bac   0x00000064   Code   RO         2736    i.MSC_Init          OFFLINE_LIB.lib(massstorage.o)
    0x00003c10   0x00000058   Code   RO         2737    i.MSC_InitForFullSpeed  OFFLINE_LIB.lib(massstorage.o)
    0x00003c68   0x0000005c   Code   RO         2738    i.MSC_InitForHighSpeed  OFFLINE_LIB.lib(massstorage.o)
    0x00003cc4   0x000001e4   Code   RO         2739    i.MSC_ModeSense10   OFFLINE_LIB.lib(massstorage.o)
    0x00003ea8   0x00000034   Code   RO         2740    i.MSC_ModeSense6    OFFLINE_LIB.lib(massstorage.o)
    0x00003edc   0x00000510   Code   RO         2741    i.MSC_ProcessCmd    OFFLINE_LIB.lib(massstorage.o)
    0x000043ec   0x00000060   Code   RO         2742    i.MSC_ReadCapacity  OFFLINE_LIB.lib(massstorage.o)
    0x0000444c   0x00000094   Code   RO         2743    i.MSC_ReadFormatCapacity  OFFLINE_LIB.lib(massstorage.o)
    0x000044e0   0x00000068   Code   RO         2744    i.MSC_ReceiveCBW    OFFLINE_LIB.lib(massstorage.o)
    0x00004548   0x00000078   Code   RO         2745    i.MSC_RequestSense  OFFLINE_LIB.lib(massstorage.o)
    0x000045c0   0x00000018   Code   RO          318    i.NVIC_DisableIRQ   main.o
    0x000045d8   0x00000018   Code   RO          319    i.NVIC_EnableIRQ    main.o
    0x000045f0   0x00000018   Code   RO         1118    i.NVIC_EnableIRQ    isp_uart_bus.o
    0x00004608   0x00000018   Code   RO         1240    i.NVIC_EnableIRQ    hal_rs485.o
    0x00004620   0x00000006   Code   RO         1028    i.RS485_Config      isp_rs485_bus.o
    0x00004626   0x00000002   PAD
    0x00004628   0x000000e4   Code   RO         1241    i.RS485_Init        hal_rs485.o
    0x0000470c   0x0000007c   Code   RO         1030    i.RS485_READ        isp_rs485_bus.o
    0x00004788   0x00000012   Code   RO         1031    i.RS485_WRITE       isp_rs485_bus.o
    0x0000479a   0x00000002   PAD
    0x0000479c   0x0000006c   Code   RO         1242    i.RS485_WriteMultiBytes  hal_rs485.o
    0x00004808   0x000000d8   Code   RO          665    i.RcvData           isp_cmd.o
    0x000048e0   0x000000ec   Code   RO          883    i.Read_ARPOM_INFORMATION  isp_file_access.o
    0x000049cc   0x000000c0   Code   RO          884    i.Read_CONFIG_SDCARD  isp_file_access.o
    0x00004a8c   0x000000e8   Code   RO          885    i.Read_DATAFLASH_INFORMATION  isp_file_access.o
    0x00004b74   0x000001a8   Code   RO          886    i.Read_INTERFACE    isp_file_access.o
    0x00004d1c   0x00000070   Code   RO          887    i.Read_SN_INFORMATION  isp_file_access.o
    0x00004d8c   0x0000003c   Code   RO         3017    i.ReleaseIF         OFFLINE_LIB.lib(can.o)
    0x00004dc8   0x00000100   Code   RO         1289    i.SPI1_Init         hal_spi.o
    0x00004ec8   0x00000078   Code   RO         1290    i.SPI1_Read         hal_spi.o
    0x00004f40   0x00000070   Code   RO         1291    i.SPI1_Write        hal_spi.o
    0x00004fb0   0x000000e0   Code   RO         3772    i.SPIM_Enable_4Bytes_Mode  OFFLINE_LIB.lib(spim.o)
    0x00005090   0x000000b8   Code   RO         3774    i.SPIM_EraseBlock   OFFLINE_LIB.lib(spim.o)
    0x00005148   0x000000e0   Code   RO         3777    i.SPIM_IO_Read      OFFLINE_LIB.lib(spim.o)
    0x00005228   0x0000009c   Code   RO         3778    i.SPIM_IO_Write     OFFLINE_LIB.lib(spim.o)
    0x000052c4   0x0000015c   Code   RO         3779    i.SPIM_InitFlash    OFFLINE_LIB.lib(spim.o)
    0x00005420   0x00000096   Code   RO         3780    i.SPIM_Is4ByteModeEnable  OFFLINE_LIB.lib(spim.o)
    0x000054b6   0x00000002   PAD
    0x000054b8   0x00000054   Code   RO         3781    i.SPIM_ReadJedecId  OFFLINE_LIB.lib(spim.o)
    0x0000550c   0x00000054   Code   RO         3782    i.SPIM_ReadSecurityRegister  OFFLINE_LIB.lib(spim.o)
    0x00005560   0x00000054   Code   RO         3783    i.SPIM_ReadStatusRegister  OFFLINE_LIB.lib(spim.o)
    0x000055b4   0x00000054   Code   RO         3785    i.SPIM_ReadStatusRegister3  OFFLINE_LIB.lib(spim.o)
    0x00005608   0x000000a4   Code   RO         3786    i.SPIM_SPANSION_4Bytes_Enable  OFFLINE_LIB.lib(spim.o)
    0x000056ac   0x000000d4   Code   RO         3788    i.SPIM_WriteInPageDataByIo  OFFLINE_LIB.lib(spim.o)
    0x00005780   0x0000004c   Code   RO         3790    i.SPIM_WriteStatusRegister  OFFLINE_LIB.lib(spim.o)
    0x000057cc   0x00000006   Code   RO         1071    i.SPI_Config        isp_spi_bus.o
    0x000057d2   0x00000014   Code   RO         1073    i.SPI_READ          isp_spi_bus.o
    0x000057e6   0x00000002   PAD
    0x000057e8   0x0000004c   Code   RO         1074    i.SPI_WRITE         isp_spi_bus.o
    0x00005834   0x000000e4   Code   RO          320    i.SYS_Init          main.o
    0x00005918   0x00000038   Code   RO          668    i.SendData          isp_cmd.o
    0x00005950   0x0000011c   Code   RO         2187    i.SpiInit           OFFLINE_LIB.lib(spim_spi_flash.o)
    0x00005a6c   0x0000002c   Code   RO         2188    i.SpiRead           OFFLINE_LIB.lib(spim_spi_flash.o)
    0x00005a98   0x000000c8   Code   RO         2189    i.SpiWrite          OFFLINE_LIB.lib(spim_spi_flash.o)
    0x00005b60   0x00000058   Code   RO         3792    i.SwitchNBitInput   OFFLINE_LIB.lib(spim.o)
    0x00005bb8   0x0000005c   Code   RO         3793    i.SwitchNBitOutput  OFFLINE_LIB.lib(spim.o)
    0x00005c14   0x0000000a   Code   RO          669    i.SyncPackno        isp_cmd.o
    0x00005c1e   0x00000002   PAD
    0x00005c20   0x00000068   Code   RO            4    i.SystemCoreClockUpdate  system_m480.o
    0x00005c88   0x00000098   Code   RO            5    i.SystemInit        system_m480.o
    0x00005d20   0x00000068   Code   RO         1243    i.UART1_IRQHandler  hal_rs485.o
    0x00005d88   0x00000068   Code   RO         1119    i.UART2_IRQHandler  isp_uart_bus.o
    0x00005df0   0x000000a4   Code   RO         1120    i.UART_Config       isp_uart_bus.o
    0x00005e94   0x0000005c   Code   RO         1121    i.UART_WriteMultiBytes  isp_uart_bus.o
    0x00005ef0   0x000000cc   Code   RO         1429    i.UI2C0_Init        hal_usci_i2c.o
    0x00005fbc   0x000000f6   Code   RO         3203    i.UI2C_ReadMultiBytes  OFFLINE_LIB.lib(usci_i2c.o)
    0x000060b2   0x000000a6   Code   RO         3214    i.UI2C_WriteMultiBytes  OFFLINE_LIB.lib(usci_i2c.o)
    0x00006158   0x00000014   Code   RO          888    i.UNMOUNT_FILE_SYSTEM  isp_file_access.o
    0x0000616c   0x00000444   Code   RO         2746    i.USBD20_IRQHandler  OFFLINE_LIB.lib(massstorage.o)
    0x000065b0   0x0000035c   Code   RO          670    i.UpdatedTargetFalsh  isp_cmd.o
    0x0000690c   0x00000012   Code   RO          671    i.Updated_Target_Flash  isp_cmd.o
    0x0000691e   0x00000002   PAD
    0x00006920   0x00000020   Code   RO         2190    i.WINBOND25X16A_EraseSector  OFFLINE_LIB.lib(spim_spi_flash.o)
    0x00006940   0x00000030   Code   RO         2191    i.WINBOND25X16A_ProgramPage  OFFLINE_LIB.lib(spim_spi_flash.o)
    0x00006970   0x00000038   Code   RO         2192    i.WINBOND25X16A_ReadPage  OFFLINE_LIB.lib(spim_spi_flash.o)
    0x000069a8   0x0000001a   Code   RO          672    i.WordsCpy          isp_cmd.o
    0x000069c2   0x00000002   PAD
    0x000069c4   0x00000020   Code   RO         4289    i.__0printf         mc_w.l(printfa.o)
    0x000069e4   0x00000028   Code   RO         4291    i.__0sprintf        mc_w.l(printfa.o)
    0x00006a0c   0x00000008   Code   RO         4402    i.__aeabi_errno_addr  mc_w.l(errno.o)
    0x00006a14   0x0000000e   Code   RO         4432    i.__scatterload_copy  mc_w.l(handlers.o)
    0x00006a22   0x00000002   Code   RO         4433    i.__scatterload_null  mc_w.l(handlers.o)
    0x00006a24   0x0000000e   Code   RO         4434    i.__scatterload_zeroinit  mc_w.l(handlers.o)
    0x00006a32   0x00000002   PAD
    0x00006a34   0x00000158   Code   RO         4296    i._fp_digits        mc_w.l(printfa.o)
    0x00006b8c   0x00000704   Code   RO         4297    i._printf_core      mc_w.l(printfa.o)
    0x00007290   0x00000026   Code   RO         4298    i._printf_post_padding  mc_w.l(printfa.o)
    0x000072b6   0x00000030   Code   RO         4299    i._printf_pre_padding  mc_w.l(printfa.o)
    0x000072e6   0x0000000a   Code   RO         4301    i._sputc            mc_w.l(printfa.o)
    0x000072f0   0x000000c8   Code   RO          673    i.auto_detect_command  isp_cmd.o
    0x000073b8   0x00000052   Code   RO         3018    i.can_update_spt    OFFLINE_LIB.lib(can.o)
    0x0000740a   0x00000002   PAD
    0x0000740c   0x0000004c   Code   RO          321    i.check_error       main.o
    0x00007458   0x00000090   Code   RO         3382    i.check_fs          OFFLINE_LIB.lib(ff.o)
    0x000074e8   0x00000014   Code   RO         3383    i.chk_chr           OFFLINE_LIB.lib(ff.o)
    0x000074fc   0x00000032   Code   RO         3384    i.clmt_clust        OFFLINE_LIB.lib(ff.o)
    0x0000752e   0x0000001a   Code   RO         3385    i.clust2sect        OFFLINE_LIB.lib(ff.o)
    0x00007548   0x00000090   Code   RO         3386    i.cmp_lfn           OFFLINE_LIB.lib(ff.o)
    0x000075d8   0x000000d6   Code   RO         3387    i.create_chain      OFFLINE_LIB.lib(ff.o)
    0x000076ae   0x00000002   PAD
    0x000076b0   0x00000230   Code   RO         3388    i.create_name       OFFLINE_LIB.lib(ff.o)
    0x000078e0   0x0000005c   Code   RO         3389    i.dir_alloc         OFFLINE_LIB.lib(ff.o)
    0x0000793c   0x000000de   Code   RO         3390    i.dir_find          OFFLINE_LIB.lib(ff.o)
    0x00007a1a   0x00000110   Code   RO         3391    i.dir_next          OFFLINE_LIB.lib(ff.o)
    0x00007b2a   0x0000012a   Code   RO         3393    i.dir_register      OFFLINE_LIB.lib(ff.o)
    0x00007c54   0x0000009e   Code   RO         3395    i.dir_sdi           OFFLINE_LIB.lib(ff.o)
    0x00007cf2   0x00000006   Code   RO         3965    i.disk_initialize   OFFLINE_LIB.lib(diskio.o)
    0x00007cf8   0x00000048   Code   RO         3966    i.disk_ioctl        OFFLINE_LIB.lib(diskio.o)
    0x00007d40   0x0000003a   Code   RO         3967    i.disk_read         OFFLINE_LIB.lib(diskio.o)
    0x00007d7a   0x0000000a   Code   RO         3968    i.disk_status       OFFLINE_LIB.lib(diskio.o)
    0x00007d84   0x0000003a   Code   RO         3969    i.disk_write        OFFLINE_LIB.lib(diskio.o)
    0x00007dbe   0x00000002   PAD
    0x00007dc0   0x0000006c   Code   RO          889    i.f_ReadLine        isp_file_access.o
    0x00007e2c   0x00000020   Code   RO         3397    i.f_close           OFFLINE_LIB.lib(ff.o)
    0x00007e4c   0x00000052   Code   RO         3401    i.f_gets            OFFLINE_LIB.lib(ff.o)
    0x00007e9e   0x00000002   PAD
    0x00007ea0   0x0000005c   Code   RO         3405    i.f_mount           OFFLINE_LIB.lib(ff.o)
    0x00007efc   0x0000016c   Code   RO         3406    i.f_open            OFFLINE_LIB.lib(ff.o)
    0x00008068   0x000001b2   Code   RO         3411    i.f_read            OFFLINE_LIB.lib(ff.o)
    0x0000821a   0x000000b0   Code   RO         3416    i.f_sync            OFFLINE_LIB.lib(ff.o)
    0x000082ca   0x00000002   PAD
    0x000082cc   0x0000004c   Code   RO         4016    i.ff_convert        OFFLINE_LIB.lib(ccsbcs.o)
    0x00008318   0x00000038   Code   RO         4017    i.ff_wtoupper       OFFLINE_LIB.lib(ccsbcs.o)
    0x00008350   0x00000388   Code   RO         3421    i.find_volume       OFFLINE_LIB.lib(ff.o)
    0x000086d8   0x00000080   Code   RO         3422    i.fit_lfn           OFFLINE_LIB.lib(ff.o)
    0x00008758   0x00000090   Code   RO         3423    i.follow_path       OFFLINE_LIB.lib(ff.o)
    0x000087e8   0x000000b0   Code   RO         3424    i.gen_numname       OFFLINE_LIB.lib(ff.o)
    0x00008898   0x00000018   Code   RO         2747    i.get_be32          OFFLINE_LIB.lib(massstorage.o)
    0x000088b0   0x000000e8   Code   RO         3425    i.get_fat           OFFLINE_LIB.lib(ff.o)
    0x00008998   0x00000004   Code   RO         3970    i.get_fattime       OFFLINE_LIB.lib(diskio.o)
    0x0000899c   0x00000048   Code   RO         3427    i.get_ldnumber      OFFLINE_LIB.lib(ff.o)
    0x000089e4   0x00000058   Code   RO          674    i.init_ISP_command  isp_cmd.o
    0x00008a3c   0x00000044   Code   RO          834    i.io_compare        isp_driver.o
    0x00008a80   0x00000058   Code   RO          835    i.io_open           isp_driver.o
    0x00008ad8   0x0000003e   Code   RO          836    i.io_read           isp_driver.o
    0x00008b16   0x0000003e   Code   RO          837    i.io_write          isp_driver.o
    0x00008b54   0x00000020   Code   RO         3428    i.ld_clust          OFFLINE_LIB.lib(ff.o)
    0x00008b74   0x00000114   Code   RO          322    i.main              main.o
    0x00008c88   0x00000026   Code   RO         3429    i.mem_cmp           OFFLINE_LIB.lib(ff.o)
    0x00008cae   0x0000001a   Code   RO         3430    i.mem_cpy           OFFLINE_LIB.lib(ff.o)
    0x00008cc8   0x00000014   Code   RO         3431    i.mem_set           OFFLINE_LIB.lib(ff.o)
    0x00008cdc   0x00000032   Code   RO         3432    i.move_window       OFFLINE_LIB.lib(ff.o)
    0x00008d0e   0x00000136   Code   RO         3434    i.put_fat           OFFLINE_LIB.lib(ff.o)
    0x00008e44   0x0000006c   Code   RO         3436    i.remove_chain      OFFLINE_LIB.lib(ff.o)
    0x00008eb0   0x0000001c   Code   RO         3796    i.spim_is_write_done  OFFLINE_LIB.lib(spim.o)
    0x00008ecc   0x00000118   Code   RO         3797    i.spim_read         OFFLINE_LIB.lib(spim.o)
    0x00008fe4   0x00000048   Code   RO         3798    i.spim_set_write_enable  OFFLINE_LIB.lib(spim.o)
    0x0000902c   0x0000003c   Code   RO         3799    i.spim_wait_write_done  OFFLINE_LIB.lib(spim.o)
    0x00009068   0x00000138   Code   RO         3800    i.spim_write        OFFLINE_LIB.lib(spim.o)
    0x000091a0   0x00000010   Code   RO         3437    i.st_clust          OFFLINE_LIB.lib(ff.o)
    0x000091b0   0x00000040   Code   RO          838    i.str_compare       isp_driver.o
    0x000091f0   0x00000020   Code   RO         3438    i.sum_sfn           OFFLINE_LIB.lib(ff.o)
    0x00009210   0x000000c8   Code   RO         3439    i.sync_fs           OFFLINE_LIB.lib(ff.o)
    0x000092d8   0x0000004c   Code   RO         3440    i.sync_window       OFFLINE_LIB.lib(ff.o)
    0x00009324   0x00000036   Code   RO         3441    i.validate          OFFLINE_LIB.lib(ff.o)
    0x0000935a   0x00000002   PAD
    0x0000935c   0x00000028   Data   RO          839    .constdata          isp_driver.o
    0x00009384   0x00000165   Data   RO          892    .constdata          isp_file_access.o
    0x000094e9   0x00000003   PAD
    0x000094ec   0x00000030   Data   RO         1529    .constdata          Voltage.lib(uart.o)
    0x0000951c   0x00000020   Data   RO         1824    .constdata          Voltage.lib(clk.o)
    0x0000953c   0x0000003e   Data   RO         1882    .constdata          Voltage.lib(voltage.o)
    0x0000957a   0x000000ba   Data   RO         3443    .constdata          OFFLINE_LIB.lib(ff.o)
    0x00009634   0x000004c0   Data   RO         4018    .constdata          OFFLINE_LIB.lib(ccsbcs.o)
    0x00009af4   0x00000081   Data   RO         4375    .constdata          mc_w.l(ctype_o.o)
    0x00009b75   0x00000003   PAD
    0x00009b78   0x00000004   Data   RO         4376    .constdata          mc_w.l(ctype_o.o)
    0x00009b7c   0x0000001c   Data   RO          840    .conststring        isp_driver.o
    0x00009b98   0x00000020   Data   RO         4430    Region$$Table       anon$$obj.o


    Execution Region ER_RW (Base: 0x20000000, Size: 0x000002dc, Max: 0xffffffff, ABSOLUTE)

    Base Addr    Size         Type   Attr      Idx    E Section Name        Object

    0x20000000   0x0000002c   Data   RW            6    .data               system_m480.o
    0x2000002c   0x0000001c   Data   RW          323    .data               main.o
    0x20000048   0x0000000c   Data   RW          591    .data               isp_can_bus.o
    0x20000054   0x00000006   Data   RW          676    .data               isp_cmd.o
    0x2000005a   0x00000002   PAD
    0x2000005c   0x0000003c   Data   RW          841    .data               isp_driver.o
    0x20000098   0x00000030   Data   RW          893    .data               isp_file_access.o
    0x200000c8   0x00000001   Data   RW         1181    .data               hal_can_isp.o
    0x200000c9   0x00000002   Data   RW         1245    .data               hal_rs485.o
    0x200000cb   0x00000001   PAD
    0x200000cc   0x00000124   Data   RW         2518    .data               OFFLINE_LIB.lib(descriptors.o)
    0x200001f0   0x000000a0   Data   RW         2749    .data               OFFLINE_LIB.lib(massstorage.o)
    0x20000290   0x00000034   Data   RW         2910    .data               OFFLINE_LIB.lib(hsusbd.o)
    0x200002c4   0x00000004   Data   RW         3019    .data               OFFLINE_LIB.lib(can.o)
    0x200002c8   0x00000006   Data   RW         3444    .data               OFFLINE_LIB.lib(ff.o)
    0x200002ce   0x00000005   Data   RW         3801    .data               OFFLINE_LIB.lib(spim.o)
    0x200002d3   0x00000001   PAD
    0x200002d4   0x00000004   Data   RW         4330    .data               Voltage.lib(retarget.o)
    0x200002d8   0x00000004   Data   RW         4405    .data               mc_w.l(errno.o)


    Execution Region ER_ZI (Base: 0x200002dc, Size: 0x00002484, Max: 0xffffffff, ABSOLUTE)

    Base Addr    Size         Type   Attr      Idx    E Section Name        Object

    0x200002dc   0x00000080   Zero   RW          590    .bss                isp_can_bus.o
    0x2000035c   0x000002a8   Zero   RW          675    .bss                isp_cmd.o
    0x20000604   0x000003b0   Zero   RW          891    .bss                isp_file_access.o
    0x200009b4   0x00000018   Zero   RW         1180    .bss                hal_can_isp.o
    0x200009cc   0x00000040   Zero   RW         1244    .bss                hal_rs485.o
    0x20000a0c   0x00001000   Zero   RW         2193    .bss                OFFLINE_LIB.lib(spim_spi_flash.o)
    0x20001a0c   0x00000018   Zero   RW         2517    .bss                OFFLINE_LIB.lib(descriptors.o)
    0x20001a24   0x00000330   Zero   RW         2748    .bss                OFFLINE_LIB.lib(massstorage.o)
    0x20001d54   0x0000000c   Zero   RW         2909    .bss                OFFLINE_LIB.lib(hsusbd.o)
    0x20001d60   0x00000200   Zero   RW         3442    .bss                OFFLINE_LIB.lib(ff.o)
    0x20001f60   0x00000800   Zero   RW          306    STACK               startup_m480.o


==============================================================================

Image component sizes


      Code (inc. data)   RO Data    RW Data    ZI Data      Debug   Object Name

       384         50          0          1         24      31045   hal_can_isp.o
       464         68          0          2         64      30200   hal_rs485.o
       488         34          0          0          0       2621   hal_spi.o
       204         14          0          0          0        705   hal_usci_i2c.o
        36          8          0          0          0        546   isp_bridge.o
       576         38          0         12        128       6634   isp_can_bus.o
      2538        462          0          6        680      20364   isp_cmd.o
       344          4         68         60          0       5688   isp_driver.o
      1486        480        357         48        944       9833   isp_file_access.o
        62          8          0          0          0      13136   isp_i2c_bus.o
       148         16          0          0          0       2729   isp_rs485_bus.o
       102          6          0          0          0      24848   isp_spi_bus.o
       526         70          0          0          0      31587   isp_uart_bus.o
      1316        328          0         28          0     120465   main.o
       104         20        440          0       2048        960   startup_m480.o
       256         50          0         44          0      25951   system_m480.o

    ----------------------------------------------------------------------
      9054       1656        900        204       3888     327312   Object Totals
         0          0         32          0          0          0   (incl. Generated)
        20          0          3          3          0          0   (incl. Padding)

    ----------------------------------------------------------------------

      Code (inc. data)   RO Data    RW Data    ZI Data      Debug   Library Member Name

      2728         54          0          4          0      16230   can.o
       132         16       1216          0          0       2567   ccsbcs.o
         0          0          0        292         24       6601   descriptors.o
       208          0          0          0          0       4954   diskio.o
      5998         74        186          6        512      40030   ff.o
      2300        208          0         52         12      14096   hsusbd.o
      4588        384          0        160        816      24193   massstorage.o
      3006        112          0          5          0      17616   spim.o
       664        114          0          0       4096      24846   spim_spi_flash.o
       412          0          0          0          0       2333   usci_i2c.o
      1660         90         32          0          0       9453   clk.o
       200         10          0          0          0       6604   easyscale.o
       196          0          0          0          0       2194   gpio.o
       324        130          0          4          0       4582   retarget.o
      1060         42         48          0          0      41128   uart.o
       408         12         62          0          0       7438   voltage.o
        28          0          0          0          0         68   _chval.o
       158          0          0          0          0         92   _strtoul.o
         8          4        133          0          0         68   ctype_o.o
         0          0          0          0          0          0   entry.o
         8          4          0          0          0          0   entry2.o
         4          0          0          0          0          0   entry5.o
         0          0          0          0          0          0   entry7b.o
         8          4          0          0          0          0   entry8.o
         8          4          0          4          0         68   errno.o
        30          0          0          0          0          0   handlers.o
        36          8          0          0          0         68   init.o
         0          0          0          0          0          0   iusefp.o
        30          0          0          0          0         68   llshl.o
        36          0          0          0          0         68   llsshr.o
        32          0          0          0          0         68   llushr.o
        36          0          0          0          0         68   memcpya.o
        38          0          0          0          0        108   memseta.o
      2308         94          0          0          0        596   printfa.o
        28          0          0          0          0         76   strcmp.o
       114          0          0          0          0         92   strtoul.o
        44          0          0          0          0         80   uidiv.o
        98          0          0          0          0         92   uldiv.o
        40          2          0          0          0         68   cdrcmple.o
        56          0          0          0          0         88   d2f.o
       332          0          0          0          0        148   dadd.o
       222          0          0          0          0        100   ddiv.o
       190          0          0          0          0        176   depilogue.o
        48          0          0          0          0         68   dfixul.o
       224          0          0          0          0         96   dmul.o
        44          0          0          0          0         68   f2d.o
       108          0          0          0          0        168   fepilogue.o

    ----------------------------------------------------------------------
     28230       1366       1680        528       5460     227525   Library Totals
        30          0          3          1          0          0   (incl. Padding)

    ----------------------------------------------------------------------

      Code (inc. data)   RO Data    RW Data    ZI Data      Debug   Library Name

     20036        962       1402        519       5460     153466   OFFLINE_LIB.lib
      3848        284        142          4          0      71399   Voltage.lib
      3052        118        133          4          0       1680   mc_w.l
      1264          2          0          0          0        980   mf_w.l

    ----------------------------------------------------------------------
     28230       1366       1680        528       5460     227525   Library Totals

    ----------------------------------------------------------------------

==============================================================================


      Code (inc. data)   RO Data    RW Data    ZI Data      Debug   

     37284       3022       2580        732       9348     532185   Grand Totals
     37284       3022       2580        732       9348     532185   ELF Image Totals
     37284       3022       2580        732          0          0   ROM Totals

==============================================================================

    Total RO  Size (Code + RO Data)                39864 (  38.93kB)
    Total RW  Size (RW Data + ZI Data)             10080 (   9.84kB)
    Total ROM Size (Code + RO Data + RW Data)      40596 (  39.64kB)

==============================================================================

