<html>
<body>
<pre>
<h1>µVision Build Log</h1>
<h2>Project:</h2>
C:\work\isptool\ispbridge\offline\NULINK 2 Offline ISP Bridge 20190802\SampleCode\StdDriver\HSUSBD_Mass_Storage_OFFLINE_ISP\KEIL\OFFLINE_ISP.uvproj
Project File Date:  08/12/2019

<h2>Output:</h2>
Build target 'HSUSBD_Mass_Storage_DataFlash'
creating preprocessor file for system_M480.c...
compiling system_M480.c...
assembling startup_M480.s...
creating preprocessor file for main.c...
compiling main.c...
creating preprocessor file for ISP_CAN_BUS.C...
compiling ISP_CAN_BUS.C...
creating preprocessor file for ISP_CMD.c...
compiling ISP_CMD.c...
..\ISP_CMD.c(461): warning:  #1035-D: single-precision operand implicitly converted to double-precision
creating preprocessor file for ISP_DRIVER.C...
compiling ISP_DRIVER.C...
creating preprocessor file for ISP_FILE_ACCESS.c...
compiling ISP_FILE_ACCESS.c...
..\ISP_FILE_ACCESS.c(345): warning:  #177-D: variable "pEnd" was declared but never referenced
creating preprocessor file for ISP_I2C_BUS.C...
compiling ISP_I2C_BUS.C...
creating preprocessor file for ISP_RS485_BUS.c...
compiling ISP_RS485_BUS.c...
creating preprocessor file for ISP_SPI_BUS.c...
compiling ISP_SPI_BUS.c...
creating preprocessor file for ISP_UART_BUS.c...
compiling ISP_UART_BUS.c...
creating preprocessor file for hal_can_isp.c...
compiling hal_can_isp.c...
creating preprocessor file for hal_rs485.c...
compiling hal_rs485.c...
creating preprocessor file for hal_spi.c...
compiling hal_spi.c...
creating preprocessor file for hal_sys.c...
compiling hal_sys.c...
creating preprocessor file for hal_timer.c...
compiling hal_timer.c...
creating preprocessor file for hal_usci_i2c.c...
compiling hal_usci_i2c.c...
creating preprocessor file for isp_bridge.c...
compiling isp_bridge.c...
creating preprocessor file for hal_hsusbd.c...
compiling hal_hsusbd.c...
linking...
Program Size: Code=37284 RO-data=2580 RW-data=732 ZI-data=9348  
User command #1: fromelf --bin ".\obj\HSUSBD_Mass_Storage_DataFlash.axf" --output ".\obj\HSUSBD_Mass_Storage_DataFlash.bin"
User command #2: fromelf --text -c ".\obj\HSUSBD_Mass_Storage_DataFlash.axf" --output ".\obj\HSUSBD_Mass_Storage_DataFlash.txt"
".\obj\HSUSBD_Mass_Storage_DataFlash.axf" - 0 Error(s), 2 Warning(s).
Load "C:\\work\\isptool\\ispbridge\\offline\\NULINK 2 Offline ISP Bridge 20190802\\SampleCode\\StdDriver\\HSUSBD_Mass_Storage_OFFLINE_ISP\\KEIL\\obj\\HSUSBD_Mass_Storage_DataFlash.AXF" 
Erase Done.
Programming Done.
Verify OK.
Application running...
